2026-07-09 08:48:00,654 | INFO | AdmetPredictionAgent 初始化完成
2026-07-09 08:48:00,654 | INFO | predict_admet: 化合物 [CPD_TEST_001]
2026-07-09 08:48:00,654 | INFO | predict_admet: [CPD_TEST_001] 完成 | Lipinski=True hERG_risk=low
2026-07-09 08:48:00,654 | INFO | filter_drug_likeness: 过滤 2 个化合物
2026-07-09 08:48:00,654 | INFO | filter_drug_likeness: 完成 | 通过 1/2 (50.0%)
2026-07-09 08:48:16,594 | INFO | AdmetPredictionAgent 初始化完成
2026-07-09 08:48:16,595 | INFO | predict_admet: 化合物 [CPD_TEST_001]
2026-07-09 08:48:16,595 | INFO | predict_admet: [CPD_TEST_001] 完成 | Lipinski=True hERG_risk=low
2026-07-09 08:48:16,595 | INFO | filter_drug_likeness: 过滤 2 个化合物
2026-07-09 08:48:16,595 | INFO | filter_drug_likeness: 完成 | 通过 1/2 (50.0%)
2026-07-09 08:48:16,610 | INFO | AdmetPredictionAgent 初始化完成
2026-07-09 08:48:16,650 | INFO | predict_admet: 化合物 [CPD_BTK_0001]
2026-07-09 08:48:16,650 | INFO | predict_admet: [CPD_BTK_0001] 完成 | Lipinski=True hERG_risk=moderate
2026-07-09 08:48:43,170 | INFO | AdmetPredictionAgent 初始化完成
2026-07-09 08:48:43,210 | INFO | predict_admet: 化合物 [CPD_BTK_0001]
2026-07-09 08:48:43,211 | INFO | predict_admet: [CPD_BTK_0001] 完成 | Lipinski=True hERG_risk=moderate
2026-07-09 08:54:49,983 | INFO | AdmetPredictionAgent 初始化完成
2026-07-09 08:54:49,983 | INFO | predict_admet: 化合物 [CPD_TEST_001]
2026-07-09 08:54:49,983 | INFO | predict_admet: [CPD_TEST_001] 完成 | Lipinski=True hERG_risk=low
2026-07-09 08:54:49,983 | INFO | filter_drug_likeness: 过滤 2 个化合物
2026-07-09 08:54:49,983 | INFO | filter_drug_likeness: 完成 | 通过 1/2 (50.0%)
2026-07-09 08:54:49,996 | INFO | AdmetPredictionAgent 初始化完成
2026-07-09 08:54:50,044 | INFO | predict_admet: 化合物 [CPD_BTK_0001]
2026-07-09 08:54:50,044 | INFO | predict_admet: [CPD_BTK_0001] 完成 | Lipinski=True hERG_risk=low
