2026-07-09 08:48:00,650 | INFO | CompoundDesignAgent 初始化完成 | 策略库: 5 种
2026-07-09 08:48:00,650 | INFO | design_compound: 靶点=FCE_RI 策略=fcepsilonri_antagonist
2026-07-09 08:48:00,650 | INFO | design_compound: CPD_FCE_RI_0001 | pIC50=5.81 LogP=4.24 MW=401.7
2026-07-09 08:48:00,650 | INFO | optimize_lead: 优化 [CPD_FCE_RI_0001]
2026-07-09 08:48:00,650 | INFO | optimize_lead: [CPD_FCE_RI_0001] 完成 | final pIC50=5.952 sel=0.681
2026-07-09 08:48:00,650 | INFO | generate_analogs: 为 [CPD_FCE_RI_0001] 生成 5 个类似物
2026-07-09 08:48:00,650 | INFO | generate_analogs: 完成 5 个类似物 | 活性范围 4.97-6.55
2026-07-09 08:48:16,590 | INFO | CompoundDesignAgent 初始化完成 | 策略库: 5 种
2026-07-09 08:48:16,590 | INFO | design_compound: 靶点=FCE_RI 策略=fcepsilonri_antagonist
2026-07-09 08:48:16,590 | INFO | design_compound: CPD_FCE_RI_0001 | pIC50=4.69 LogP=2.54 MW=362.3
2026-07-09 08:48:16,590 | INFO | optimize_lead: 优化 [CPD_FCE_RI_0001]
2026-07-09 08:48:16,590 | INFO | optimize_lead: [CPD_FCE_RI_0001] 完成 | final pIC50=5.015 sel=0.603
2026-07-09 08:48:16,590 | INFO | generate_analogs: 为 [CPD_FCE_RI_0001] 生成 5 个类似物
2026-07-09 08:48:16,591 | INFO | generate_analogs: 完成 5 个类似物 | 活性范围 4.94-6.29
2026-07-09 08:48:16,610 | INFO | CompoundDesignAgent 初始化完成 | 策略库: 5 种
2026-07-09 08:48:16,619 | INFO | design_compound: 靶点=BTK 策略=fcepsilonri_antagonist
2026-07-09 08:48:16,619 | INFO | design_compound: CPD_BTK_0001 | pIC50=5.53 LogP=4.06 MW=363.8
2026-07-09 08:48:16,619 | INFO | optimize_lead: 优化 [CPD_BTK_0001]
2026-07-09 08:48:16,619 | INFO | optimize_lead: [CPD_BTK_0001] 完成 | final pIC50=5.892 sel=0.899
2026-07-09 08:48:16,619 | INFO | generate_analogs: 为 [CPD_BTK_0001] 生成 5 个类似物
2026-07-09 08:48:16,620 | INFO | generate_analogs: 完成 5 个类似物 | 活性范围 4.94-6.3
2026-07-09 08:48:43,170 | INFO | CompoundDesignAgent 初始化完成 | 策略库: 5 种
2026-07-09 08:48:43,178 | INFO | design_compound: 靶点=BTK 策略=fcepsilonri_antagonist
2026-07-09 08:48:43,179 | INFO | design_compound: CPD_BTK_0001 | pIC50=4.92 LogP=3.91 MW=475.1
2026-07-09 08:48:43,179 | INFO | optimize_lead: 优化 [CPD_BTK_0001]
2026-07-09 08:48:43,179 | INFO | optimize_lead: [CPD_BTK_0001] 完成 | final pIC50=5.251 sel=0.573
2026-07-09 08:48:43,179 | INFO | generate_analogs: 为 [CPD_BTK_0001] 生成 5 个类似物
2026-07-09 08:48:43,179 | INFO | generate_analogs: 完成 5 个类似物 | 活性范围 4.83-5.58
2026-07-09 08:54:49,978 | INFO | CompoundDesignAgent 初始化完成 | 策略库: 5 种
2026-07-09 08:54:49,978 | INFO | design_compound: 靶点=FCE_RI 策略=fcepsilonri_antagonist
2026-07-09 08:54:49,978 | INFO | design_compound: CPD_FCE_RI_0001 | pIC50=7.3 LogP=3.09 MW=341.7
2026-07-09 08:54:49,978 | INFO | optimize_lead: 优化 [CPD_FCE_RI_0001]
2026-07-09 08:54:49,978 | INFO | optimize_lead: [CPD_FCE_RI_0001] 完成 | final pIC50=7.552 sel=0.9
2026-07-09 08:54:49,979 | INFO | generate_analogs: 为 [CPD_FCE_RI_0001] 生成 5 个类似物
2026-07-09 08:54:49,979 | INFO | generate_analogs: 完成 5 个类似物 | 活性范围 6.9-7.77
2026-07-09 08:54:49,995 | INFO | CompoundDesignAgent 初始化完成 | 策略库: 5 种
2026-07-09 08:54:50,012 | INFO | design_compound: 靶点=BTK 策略=fcepsilonri_antagonist
2026-07-09 08:54:50,012 | INFO | design_compound: CPD_BTK_0001 | pIC50=4.86 LogP=1.11 MW=325.4
2026-07-09 08:54:50,012 | INFO | optimize_lead: 优化 [CPD_BTK_0001]
2026-07-09 08:54:50,012 | INFO | optimize_lead: [CPD_BTK_0001] 完成 | final pIC50=5.034 sel=0.642
2026-07-09 08:54:50,012 | INFO | generate_analogs: 为 [CPD_BTK_0001] 生成 5 个类似物
2026-07-09 08:54:50,012 | INFO | generate_analogs: 完成 5 个类似物 | 活性范围 4.57-5.46
