2026-07-09 08:48:16,610 | INFO | DrugDiscoveryPipeline v1.0.0 初始化完成 | 6 个智能体已加载
2026-07-09 08:48:16,610 | INFO | ============================================================
2026-07-09 08:48:16,610 | INFO | Pipeline 启动: query='food allergy drug discovery'
2026-07-09 08:48:16,611 | INFO | ============================================================
2026-07-09 08:48:16,611 | INFO | [靶点识别] 开始执行...
2026-07-09 08:48:16,618 | INFO | [靶点识别] 完成 (0.01s)
2026-07-09 08:48:16,618 | INFO | [文献综述] 开始执行...
2026-07-09 08:48:16,619 | INFO | [文献综述] 完成 (0.00s)
2026-07-09 08:48:16,619 | INFO | [化合物设计] 开始执行...
2026-07-09 08:48:16,620 | INFO | [化合物设计] 完成 (0.00s)
2026-07-09 08:48:16,620 | INFO | [虚拟筛选] 开始执行...
2026-07-09 08:48:16,650 | INFO | [虚拟筛选] 完成 (0.03s)
2026-07-09 08:48:16,650 | INFO | [ADMET 预测] 开始执行...
2026-07-09 08:48:16,650 | INFO | [ADMET 预测] 完成 (0.00s)
2026-07-09 08:48:16,651 | INFO | [毒性评估] 开始执行...
2026-07-09 08:48:16,651 | INFO | [毒性评估] 完成 (0.00s)
2026-07-09 08:48:16,651 | INFO | generate_report: 生成综合研究报告...
2026-07-09 08:48:16,651 | INFO | generate_report: 完成 | 发现数=4
2026-07-09 08:48:16,651 | INFO | Pipeline 完成 | 总耗时: 0.0s
2026-07-09 08:48:43,170 | INFO | DrugDiscoveryPipeline v1.0.0 初始化完成 | 6 个智能体已加载
2026-07-09 08:48:43,170 | INFO | ============================================================
2026-07-09 08:48:43,170 | INFO | Pipeline 启动: query='food allergy drug discovery'
2026-07-09 08:48:43,170 | INFO | ============================================================
2026-07-09 08:48:43,170 | INFO | [靶点识别] 开始执行...
2026-07-09 08:48:43,178 | INFO | [靶点识别] 完成 (0.01s)
2026-07-09 08:48:43,178 | INFO | [文献综述] 开始执行...
2026-07-09 08:48:43,178 | INFO | [文献综述] 完成 (0.00s)
2026-07-09 08:48:43,178 | INFO | [化合物设计] 开始执行...
2026-07-09 08:48:43,179 | INFO | [化合物设计] 完成 (0.00s)
2026-07-09 08:48:43,179 | INFO | [虚拟筛选] 开始执行...
2026-07-09 08:48:43,210 | INFO | [虚拟筛选] 完成 (0.03s)
2026-07-09 08:48:43,210 | INFO | [ADMET 预测] 开始执行...
2026-07-09 08:48:43,211 | INFO | [ADMET 预测] 完成 (0.00s)
2026-07-09 08:48:43,211 | INFO | [毒性评估] 开始执行...
2026-07-09 08:48:43,211 | INFO | [毒性评估] 完成 (0.00s)
2026-07-09 08:48:43,211 | INFO | generate_report: 生成综合研究报告...
2026-07-09 08:48:43,211 | INFO | generate_report: 完成 | 发现数=4
2026-07-09 08:48:43,211 | INFO | Pipeline 完成 | 总耗时: 0.0s
2026-07-09 08:54:49,996 | INFO | DrugDiscoveryPipeline v1.0.0 初始化完成 | 6 个智能体已加载
2026-07-09 08:54:50,003 | INFO | ============================================================
2026-07-09 08:54:50,003 | INFO | Pipeline 启动: query='food allergy drug discovery'
2026-07-09 08:54:50,003 | INFO | ============================================================
2026-07-09 08:54:50,003 | INFO | [靶点识别] 开始执行...
2026-07-09 08:54:50,011 | INFO | [靶点识别] 完成 (0.01s)
2026-07-09 08:54:50,011 | INFO | [文献综述] 开始执行...
2026-07-09 08:54:50,012 | INFO | [文献综述] 完成 (0.00s)
2026-07-09 08:54:50,012 | INFO | [化合物设计] 开始执行...
2026-07-09 08:54:50,012 | INFO | [化合物设计] 完成 (0.00s)
2026-07-09 08:54:50,012 | INFO | [虚拟筛选] 开始执行...
2026-07-09 08:54:50,044 | INFO | [虚拟筛选] 完成 (0.03s)
2026-07-09 08:54:50,044 | INFO | [ADMET 预测] 开始执行...
2026-07-09 08:54:50,044 | INFO | [ADMET 预测] 完成 (0.00s)
2026-07-09 08:54:50,044 | INFO | [毒性评估] 开始执行...
2026-07-09 08:54:50,045 | INFO | [毒性评估] 完成 (0.00s)
2026-07-09 08:54:50,045 | INFO | generate_report: 生成综合研究报告...
2026-07-09 08:54:50,045 | INFO | generate_report: 完成 | 发现数=4
2026-07-09 08:54:50,045 | INFO | Pipeline 完成 | 总耗时: 0.0s
