[2026/5/3 12:21:54] 🚀 开始执行平安上报任务
[2026/5/3 12:21:55] 📄 访问登录页面...
[2026/5/3 12:21:59] ✅ 页面加载完成
[2026/5/3 12:21:59] 🔄 切换到短信验证码登录...
[2026/5/3 12:22:08] ❌ 执行出错: page.click: Target page, context or browser has been closed
Call log:
  - waiting for locator('a[onclick="mode=2"]')

[2026/5/3 12:22:08] ❌ 截图失败
[2026/5/3 12:23:22] 🚀 开始执行平安上报任务
[2026/5/3 12:23:23] 📄 访问登录页面...
[2026/5/3 12:23:25] ✅ 页面加载完成
[2026/5/3 12:23:25] 🔄 切换到短信验证码登录...
[2026/5/3 12:23:26] 📱 输入手机号...
[2026/5/3 12:23:27] 📨 点击获取验证码...
[2026/5/3 12:23:29] ⏳ 等待验证码...
[2026/5/3 12:23:29] ⏳ 等待用户发送短信验证码...
[2026/5/3 12:23:29] 💡 请通过钉钉回复验证码，格式：验证码:123456
[2026/5/3 12:23:29] ✅ 收到验证码: 123456
[2026/5/3 12:23:29] 🔐 输入验证码...
[2026/5/3 12:23:30] 🔑 点击登录...
[2026/5/3 12:24:00] ❌ 执行出错: page.waitForNavigation: Timeout 30000ms exceeded.
=========================== logs ===========================
waiting for navigation until "networkidle"
============================================================
[2026/5/3 12:24:00] 📸 已保存错误截图
[2026/5/3 12:24:16] 🚀 开始执行平安上报任务
[2026/5/3 12:24:17] 📄 访问登录页面...
[2026/5/3 12:24:19] ✅ 页面加载完成
[2026/5/3 12:24:19] 🔄 切换到短信验证码登录...
[2026/5/3 12:24:20] 📱 输入手机号...
[2026/5/3 12:24:21] 📨 点击获取验证码...
[2026/5/3 12:24:23] ⏳ 等待验证码...
[2026/5/3 12:24:23] ⏳ 等待用户发送短信验证码...
[2026/5/3 12:24:23] 💡 请通过钉钉回复验证码，格式：验证码:123456
[2026/5/3 12:24:23] ✅ 收到验证码: 123456
[2026/5/3 12:24:23] 🔐 输入验证码...
[2026/5/3 12:24:24] 🔑 点击登录...
[2026/5/3 12:24:27] ✅ 登录成功
[2026/5/3 12:24:27] 📋 导航到值班管理...
[2026/5/3 12:24:30] ✅ 查找上报平安按钮...
[2026/5/3 12:24:35] 🔍 检查上报结果...
[2026/5/3 12:24:35] ⚠️  无法确认上报状态，请手动检查
[2026/5/3 12:24:35] 📸 已保存截图到 xxaq-screenshot.png
[2026/5/3 12:24:35] ✅ 任务执行完成
[2026/5/3 12:25:34] 🚀 开始执行平安上报任务
[2026/5/3 12:25:35] 📄 访问登录页面...
[2026/5/3 12:25:38] ✅ 页面加载完成
[2026/5/3 12:25:38] 🔄 切换到短信验证码登录...
[2026/5/3 12:25:39] 📱 输入手机号...
[2026/5/3 12:25:40] 📨 点击获取验证码...
[2026/5/3 12:25:42] ⏳ 等待验证码...
[2026/5/3 12:25:42] ⏳ 等待用户发送短信验证码...
[2026/5/3 12:25:42] 💡 请通过钉钉回复验证码，格式：验证码:123456
[2026/5/3 12:25:42] ✅ 收到验证码: 489846
[2026/5/3 12:25:42] 🔐 输入验证码...
[2026/5/3 12:25:43] 🔑 点击登录...
[2026/5/3 12:25:46] ✅ 登录成功
[2026/5/3 12:25:46] 📋 导航到值班管理...
[2026/5/3 12:25:49] ✅ 查找上报平安按钮...
[2026/5/3 12:25:51] 👆 已点击上报平安
[2026/5/3 12:25:54] 🔍 检查上报结果...
[2026/5/3 12:25:54] 🎉 上报成功！
[2026/5/3 12:25:54] ✅ 任务执行完成
[2026/5/3 12:30:02] 🚀 开始执行平安上报任务
[2026/5/3 12:30:03] 📄 访问登录页面...
[2026/5/3 12:30:07] ✅ 页面加载完成
[2026/5/3 12:30:07] 🔄 切换到短信验证码登录...
[2026/5/3 12:30:09] 📱 输入手机号...
[2026/5/3 12:30:09] 📨 点击获取验证码...
[2026/5/3 12:30:13] ⏳ 等待验证码...
[2026/5/3 12:30:13] ⏳ 等待用户发送短信验证码...
[2026/5/3 12:30:13] 💡 请通过钉钉回复验证码，格式：验证码:123456
[2026/5/3 12:30:44] ⏳ 仍在等待验证码...
[2026/5/3 12:31:14] ⏳ 仍在等待验证码...
[2026/5/3 12:31:44] ⏳ 仍在等待验证码...
[2026/5/3 12:32:14] ⏳ 仍在等待验证码...
[2026/5/3 12:32:44] ⏳ 仍在等待验证码...
[2026/5/3 12:33:14] ⏳ 仍在等待验证码...
[2026/5/3 12:33:44] ⏳ 仍在等待验证码...
[2026/5/3 12:34:14] ⏳ 仍在等待验证码...
[2026/5/3 12:34:44] ⏳ 仍在等待验证码...
[2026/5/3 12:35:14] ⏳ 仍在等待验证码...
[2026/5/3 12:35:14] ❌ 执行出错: ⏰ 等待验证码超时
[2026/5/3 12:35:14] ❌ 截图失败
[2026/5/4 12:30:02] 🚀 开始执行平安上报任务
[2026/5/4 12:30:03] 📄 访问登录页面...
[2026/5/4 12:30:06] ✅ 页面加载完成
[2026/5/4 12:30:06] 🔄 切换到短信验证码登录...
[2026/5/4 12:30:07] 📱 输入手机号...
[2026/5/4 12:30:08] 📨 点击获取验证码...
[2026/5/4 12:30:10] ⏳ 等待验证码...
[2026/5/4 12:30:10] ⏳ 等待用户发送短信验证码...
[2026/5/4 12:30:10] 💡 请通过钉钉回复验证码，格式：验证码:123456
[2026/5/4 12:30:40] ⏳ 仍在等待验证码...
[2026/5/4 12:31:10] ⏳ 仍在等待验证码...
[2026/5/4 12:31:40] ⏳ 仍在等待验证码...
[2026/5/4 12:32:10] ⏳ 仍在等待验证码...
[2026/5/4 12:32:40] ⏳ 仍在等待验证码...
[2026/5/4 12:33:10] ⏳ 仍在等待验证码...
[2026/5/4 12:33:40] ⏳ 仍在等待验证码...
[2026/5/4 12:34:10] ⏳ 仍在等待验证码...
[2026/5/4 12:34:40] ⏳ 仍在等待验证码...
[2026/5/4 12:35:10] ⏳ 仍在等待验证码...
[2026/5/4 12:35:10] ❌ 执行出错: ⏰ 等待验证码超时
[2026/5/4 12:35:10] 📸 已保存错误截图
[2026/5/5 12:30:02] 🚀 开始执行平安上报任务
[2026/5/5 12:30:03] 📄 访问登录页面...
[2026/5/5 12:30:06] ✅ 页面加载完成
[2026/5/5 12:30:06] 🔄 切换到短信验证码登录...
[2026/5/5 12:30:08] 📱 输入手机号...
[2026/5/5 12:30:09] 📨 点击获取验证码...
[2026/5/5 12:30:11] ⏳ 等待验证码...
[2026/5/5 12:30:11] ⏳ 等待用户发送短信验证码...
[2026/5/5 12:30:11] 💡 请通过钉钉回复验证码，格式：验证码:123456
[2026/5/5 12:30:41] ⏳ 仍在等待验证码...
[2026/5/5 12:31:11] ⏳ 仍在等待验证码...
[2026/5/5 12:31:42] ⏳ 仍在等待验证码...
[2026/5/5 12:32:12] ⏳ 仍在等待验证码...
[2026/5/5 12:32:42] ⏳ 仍在等待验证码...
[2026/5/5 12:33:12] ⏳ 仍在等待验证码...
[2026/5/5 12:33:43] ⏳ 仍在等待验证码...
[2026/5/5 12:34:13] ⏳ 仍在等待验证码...
[2026/5/5 12:34:44] ⏳ 仍在等待验证码...
[2026/5/5 12:35:14] ⏳ 仍在等待验证码...
[2026/5/5 12:35:14] ❌ 执行出错: ⏰ 等待验证码超时
[2026/5/5 12:35:15] ❌ 截图失败
[2026/5/6 12:30:02] 🚀 开始执行平安上报任务
[2026/5/6 12:30:03] 📄 访问登录页面...
[2026/5/6 12:30:05] ✅ 页面加载完成
[2026/5/6 12:30:05] 🔄 切换到短信验证码登录...
[2026/5/6 12:30:07] 📱 输入手机号...
[2026/5/6 12:30:07] 📨 点击获取验证码...
[2026/5/6 12:30:10] ⏳ 等待验证码...
[2026/5/6 12:30:10] ⏳ 等待用户发送短信验证码...
[2026/5/6 12:30:10] 💡 请通过钉钉回复验证码，格式：验证码:123456
[2026/5/6 12:30:40] ⏳ 仍在等待验证码...
[2026/5/6 12:31:10] ⏳ 仍在等待验证码...
[2026/5/6 12:31:40] ⏳ 仍在等待验证码...
[2026/5/6 12:32:10] ⏳ 仍在等待验证码...
[2026/5/6 12:32:40] ⏳ 仍在等待验证码...
[2026/5/6 12:33:10] ⏳ 仍在等待验证码...
[2026/5/6 12:33:40] ⏳ 仍在等待验证码...
[2026/5/6 12:34:10] ⏳ 仍在等待验证码...
[2026/5/6 12:34:40] ⏳ 仍在等待验证码...
[2026/5/6 12:35:10] ⏳ 仍在等待验证码...
[2026/5/6 12:35:10] ❌ 执行出错: ⏰ 等待验证码超时
[2026/5/6 12:35:10] 📸 已保存错误截图
[2026/5/7 12:30:02] 🚀 开始执行平安上报任务
[2026/5/7 12:30:03] 📄 访问登录页面...
[2026/5/7 12:30:05] ✅ 页面加载完成
[2026/5/7 12:30:05] 🔄 切换到短信验证码登录...
[2026/5/7 12:30:06] 📱 输入手机号...
[2026/5/7 12:30:07] 📨 点击获取验证码...
[2026/5/7 12:30:09] ⏳ 等待验证码...
[2026/5/7 12:30:09] ⏳ 等待用户发送短信验证码...
[2026/5/7 12:30:09] 💡 请通过钉钉回复验证码，格式：验证码:123456
[2026/5/7 12:30:39] ⏳ 仍在等待验证码...
[2026/5/7 12:31:09] ⏳ 仍在等待验证码...
[2026/5/7 12:31:39] ⏳ 仍在等待验证码...
[2026/5/7 12:32:09] ⏳ 仍在等待验证码...
[2026/5/7 12:32:39] ⏳ 仍在等待验证码...
[2026/5/7 12:33:09] ⏳ 仍在等待验证码...
[2026/5/7 12:33:39] ⏳ 仍在等待验证码...
[2026/5/7 12:34:09] ⏳ 仍在等待验证码...
[2026/5/7 12:34:39] ⏳ 仍在等待验证码...
[2026/5/7 12:35:09] ⏳ 仍在等待验证码...
[2026/5/7 12:35:09] ❌ 执行出错: ⏰ 等待验证码超时
[2026/5/7 12:35:10] 📸 已保存错误截图
