🔄 开始执行 OpenClaw 信息速递定时任务...
📅 执行时间：Mon Mar 23 12:00:01 PM CST 2026
✅ 信息速递任务已触发
📄 输出文件：/home/admin/.openclaw/workspace/memory/openclaw-digest-20260323-1200.md
✅ 定时任务执行完成
🔄 开始执行 OpenClaw 信息速递定时任务...
📅 执行时间：Tue Mar 24 12:00:01 AM CST 2026
✅ 信息速递任务已触发
📄 输出文件：/home/admin/.openclaw/workspace/memory/openclaw-digest-20260324-0000.md
✅ 定时任务执行完成
🔄 开始执行 OpenClaw 信息速递定时任务...
📅 执行时间：Tue Mar 24 12:00:01 PM CST 2026
✅ 信息速递任务已触发
📄 输出文件：/home/admin/.openclaw/workspace/memory/openclaw-digest-20260324-1200.md
✅ 定时任务执行完成
🔄 开始执行 OpenClaw 信息速递定时任务...
📅 执行时间：Wed Mar 25 12:00:01 AM CST 2026
✅ 信息速递任务已触发
📄 输出文件：/home/admin/.openclaw/workspace/memory/openclaw-digest-20260325-0000.md
✅ 定时任务执行完成
🔄 开始执行 OpenClaw 信息速递定时任务...
📅 执行时间：Wed Mar 25 12:00:02 PM CST 2026
✅ 信息速递任务已触发
📄 输出文件：/home/admin/.openclaw/workspace/memory/openclaw-digest-20260325-1200.md
✅ 定时任务执行完成
🔄 开始执行 OpenClaw 信息速递定时任务...
📅 执行时间：Thu Mar 26 12:00:01 AM CST 2026
✅ 信息速递任务已触发
📄 输出文件：/home/admin/.openclaw/workspace/memory/openclaw-digest-20260326-0000.md
✅ 定时任务执行完成
🔄 开始执行 OpenClaw 信息速递定时任务...
📅 执行时间：Thu Mar 26 12:00:01 PM CST 2026
✅ 信息速递任务已触发
📄 输出文件：/home/admin/.openclaw/workspace/memory/openclaw-digest-20260326-1200.md
✅ 定时任务执行完成
🔄 开始执行 OpenClaw 信息速递定时任务...
📅 执行时间：Fri Mar 27 12:00:01 AM CST 2026
✅ 信息速递任务已触发
📄 输出文件：/home/admin/.openclaw/workspace/memory/openclaw-digest-20260327-0000.md
✅ 定时任务执行完成
🔄 开始执行 OpenClaw 信息速递定时任务...
📅 执行时间：Fri Mar 27 12:00:01 PM CST 2026
✅ 信息速递任务已触发
📄 输出文件：/home/admin/.openclaw/workspace/memory/openclaw-digest-20260327-1200.md
✅ 定时任务执行完成
🔄 开始执行 OpenClaw 信息速递定时任务...
📅 执行时间：Sat Mar 28 12:00:01 AM CST 2026
✅ 信息速递任务已触发
📄 输出文件：/home/admin/.openclaw/workspace/memory/openclaw-digest-20260328-0000.md
✅ 定时任务执行完成
🔄 开始执行 OpenClaw 信息速递定时任务...
📅 执行时间：Sat Mar 28 12:00:01 PM CST 2026
✅ 信息速递任务已触发
📄 输出文件：/home/admin/.openclaw/workspace/memory/openclaw-digest-20260328-1200.md
✅ 定时任务执行完成
🔄 开始执行 OpenClaw 信息速递定时任务...
📅 执行时间：Sun Mar 29 12:00:01 AM CST 2026
✅ 信息速递任务已触发
📄 输出文件：/home/admin/.openclaw/workspace/memory/openclaw-digest-20260329-0000.md
✅ 定时任务执行完成
🔄 开始执行 OpenClaw 信息速递定时任务...
📅 执行时间：Sun Mar 29 12:00:01 PM CST 2026
✅ 信息速递任务已触发
📄 输出文件：/home/admin/.openclaw/workspace/memory/openclaw-digest-20260329-1200.md
✅ 定时任务执行完成
🔄 开始执行 OpenClaw 信息速递定时任务...
📅 执行时间：Mon Mar 30 12:00:01 AM CST 2026
✅ 信息速递任务已触发
📄 输出文件：/home/admin/.openclaw/workspace/memory/openclaw-digest-20260330-0000.md
✅ 定时任务执行完成
🔄 开始执行 OpenClaw 信息速递定时任务...
📅 执行时间：Mon Mar 30 12:00:01 PM CST 2026
✅ 信息速递任务已触发
📄 输出文件：/home/admin/.openclaw/workspace/memory/openclaw-digest-20260330-1200.md
✅ 定时任务执行完成
🔄 开始执行 OpenClaw 信息速递定时任务...
📅 执行时间：Tue Mar 31 12:00:01 AM CST 2026
✅ 信息速递任务已触发
📄 输出文件：/home/admin/.openclaw/workspace/memory/openclaw-digest-20260331-0000.md
✅ 定时任务执行完成
🔄 开始执行 OpenClaw 信息速递定时任务...
📅 执行时间：Tue Mar 31 12:00:01 PM CST 2026
✅ 信息速递任务已触发
📄 输出文件：/home/admin/.openclaw/workspace/memory/openclaw-digest-20260331-1200.md
✅ 定时任务执行完成
🔄 开始执行 OpenClaw 信息速递定时任务...
📅 执行时间：Wed Apr  1 12:00:01 AM CST 2026
✅ 信息速递任务已触发
📄 输出文件：/home/admin/.openclaw/workspace/memory/openclaw-digest-20260401-0000.md
✅ 定时任务执行完成
🔄 开始执行 OpenClaw 信息速递定时任务...
📅 执行时间：Wed Apr  1 12:00:01 PM CST 2026
✅ 信息速递任务已触发
📄 输出文件：/home/admin/.openclaw/workspace/memory/openclaw-digest-20260401-1200.md
✅ 定时任务执行完成
🔄 开始执行 OpenClaw 信息速递定时任务...
📅 执行时间：Thu Apr  2 12:00:01 AM CST 2026
✅ 信息速递任务已触发
📄 输出文件：/home/admin/.openclaw/workspace/memory/openclaw-digest-20260402-0000.md
✅ 定时任务执行完成
🔄 开始执行 OpenClaw 信息速递定时任务...
📅 执行时间：Thu Apr  2 12:00:01 PM CST 2026
✅ 信息速递任务已触发
📄 输出文件：/home/admin/.openclaw/workspace/memory/openclaw-digest-20260402-1200.md
✅ 定时任务执行完成
🔄 开始执行 OpenClaw 信息速递定时任务...
📅 执行时间：Fri Apr  3 12:00:01 AM CST 2026
✅ 信息速递任务已触发
📄 输出文件：/home/admin/.openclaw/workspace/memory/openclaw-digest-20260403-0000.md
✅ 定时任务执行完成
🔄 开始执行 OpenClaw 信息速递定时任务...
📅 执行时间：Fri Apr  3 12:00:01 PM CST 2026
✅ 信息速递任务已触发
📄 输出文件：/home/admin/.openclaw/workspace/memory/openclaw-digest-20260403-1200.md
✅ 定时任务执行完成
🔄 开始执行 OpenClaw 信息速递定时任务...
📅 执行时间：Sat Apr  4 12:00:01 AM CST 2026
✅ 信息速递任务已触发
📄 输出文件：/home/admin/.openclaw/workspace/memory/openclaw-digest-20260404-0000.md
✅ 定时任务执行完成
🔄 开始执行 OpenClaw 信息速递定时任务...
📅 执行时间：Sat Apr  4 12:00:01 PM CST 2026
✅ 信息速递任务已触发
📄 输出文件：/home/admin/.openclaw/workspace/memory/openclaw-digest-20260404-1200.md
✅ 定时任务执行完成
🔄 开始执行 OpenClaw 信息速递定时任务...
📅 执行时间：Sun Apr  5 12:00:01 AM CST 2026
✅ 信息速递任务已触发
📄 输出文件：/home/admin/.openclaw/workspace/memory/openclaw-digest-20260405-0000.md
✅ 定时任务执行完成
🔄 开始执行 OpenClaw 信息速递定时任务...
📅 执行时间：Sun Apr  5 12:00:01 PM CST 2026
✅ 信息速递任务已触发
📄 输出文件：/home/admin/.openclaw/workspace/memory/openclaw-digest-20260405-1200.md
✅ 定时任务执行完成
🔄 开始执行 OpenClaw 信息速递定时任务...
📅 执行时间：Mon Apr  6 12:00:01 AM CST 2026
✅ 信息速递任务已触发
📄 输出文件：/home/admin/.openclaw/workspace/memory/openclaw-digest-20260406-0000.md
✅ 定时任务执行完成
🔄 开始执行 OpenClaw 信息速递定时任务...
📅 执行时间：Mon Apr  6 12:00:01 PM CST 2026
✅ 信息速递任务已触发
📄 输出文件：/home/admin/.openclaw/workspace/memory/openclaw-digest-20260406-1200.md
✅ 定时任务执行完成
🔄 开始执行 OpenClaw 信息速递定时任务...
📅 执行时间：Tue Apr  7 12:00:01 AM CST 2026
✅ 信息速递任务已触发
📄 输出文件：/home/admin/.openclaw/workspace/memory/openclaw-digest-20260407-0000.md
✅ 定时任务执行完成
🔄 开始执行 OpenClaw 信息速递定时任务...
📅 执行时间：Tue Apr  7 12:00:01 PM CST 2026
✅ 信息速递任务已触发
📄 输出文件：/home/admin/.openclaw/workspace/memory/openclaw-digest-20260407-1200.md
✅ 定时任务执行完成
🔄 开始执行 OpenClaw 信息速递定时任务...
📅 执行时间：Wed Apr  8 12:00:01 AM CST 2026
✅ 信息速递任务已触发
📄 输出文件：/home/admin/.openclaw/workspace/memory/openclaw-digest-20260408-0000.md
✅ 定时任务执行完成
🔄 开始执行 OpenClaw 信息速递定时任务...
📅 执行时间：Wed Apr  8 12:00:01 PM CST 2026
✅ 信息速递任务已触发
📄 输出文件：/home/admin/.openclaw/workspace/memory/openclaw-digest-20260408-1200.md
✅ 定时任务执行完成
🔄 开始执行 OpenClaw 信息速递定时任务...
📅 执行时间：Thu Apr  9 12:00:01 AM CST 2026
✅ 信息速递任务已触发
📄 输出文件：/home/admin/.openclaw/workspace/memory/openclaw-digest-20260409-0000.md
✅ 定时任务执行完成
🔄 开始执行 OpenClaw 信息速递定时任务...
📅 执行时间：Thu Apr  9 12:00:01 PM CST 2026
✅ 信息速递任务已触发
📄 输出文件：/home/admin/.openclaw/workspace/memory/openclaw-digest-20260409-1200.md
✅ 定时任务执行完成
🔄 开始执行 OpenClaw 信息速递定时任务...
📅 执行时间：Fri Apr 10 12:00:01 AM CST 2026
✅ 信息速递任务已触发
📄 输出文件：/home/admin/.openclaw/workspace/memory/openclaw-digest-20260410-0000.md
✅ 定时任务执行完成
🔄 开始执行 OpenClaw 信息速递定时任务...
📅 执行时间：Fri Apr 10 12:00:01 PM CST 2026
✅ 信息速递任务已触发
📄 输出文件：/home/admin/.openclaw/workspace/memory/openclaw-digest-20260410-1200.md
✅ 定时任务执行完成
🔄 开始执行 OpenClaw 信息速递定时任务...
📅 执行时间：Sat Apr 11 12:00:01 AM CST 2026
✅ 信息速递任务已触发
📄 输出文件：/home/admin/.openclaw/workspace/memory/openclaw-digest-20260411-0000.md
✅ 定时任务执行完成
🔄 开始执行 OpenClaw 信息速递定时任务...
📅 执行时间：Sat Apr 11 12:00:02 PM CST 2026
✅ 信息速递任务已触发
📄 输出文件：/home/admin/.openclaw/workspace/memory/openclaw-digest-20260411-1200.md
✅ 定时任务执行完成
🔄 开始执行 OpenClaw 信息速递定时任务...
📅 执行时间：Sun Apr 12 12:00:01 AM CST 2026
✅ 信息速递任务已触发
📄 输出文件：/home/admin/.openclaw/workspace/memory/openclaw-digest-20260412-0000.md
✅ 定时任务执行完成
🔄 开始执行 OpenClaw 信息速递定时任务...
📅 执行时间：Sun Apr 12 12:00:01 PM CST 2026
✅ 信息速递任务已触发
📄 输出文件：/home/admin/.openclaw/workspace/memory/openclaw-digest-20260412-1200.md
✅ 定时任务执行完成
🔄 开始执行 OpenClaw 信息速递定时任务...
📅 执行时间：Mon Apr 13 12:00:01 AM CST 2026
✅ 信息速递任务已触发
📄 输出文件：/home/admin/.openclaw/workspace/memory/openclaw-digest-20260413-0000.md
✅ 定时任务执行完成
🔄 开始执行 OpenClaw 信息速递定时任务...
📅 执行时间：Mon Apr 13 12:00:01 PM CST 2026
✅ 信息速递任务已触发
📄 输出文件：/home/admin/.openclaw/workspace/memory/openclaw-digest-20260413-1200.md
✅ 定时任务执行完成
🔄 开始执行 OpenClaw 信息速递定时任务...
📅 执行时间：Tue Apr 14 12:00:01 AM CST 2026
✅ 信息速递任务已触发
📄 输出文件：/home/admin/.openclaw/workspace/memory/openclaw-digest-20260414-0000.md
✅ 定时任务执行完成
🔄 开始执行 OpenClaw 信息速递定时任务...
📅 执行时间：Tue Apr 14 12:00:01 PM CST 2026
✅ 信息速递任务已触发
📄 输出文件：/home/admin/.openclaw/workspace/memory/openclaw-digest-20260414-1200.md
✅ 定时任务执行完成
🔄 开始执行 OpenClaw 信息速递定时任务...
📅 执行时间：Wed Apr 15 12:00:01 AM CST 2026
✅ 信息速递任务已触发
📄 输出文件：/home/admin/.openclaw/workspace/memory/openclaw-digest-20260415-0000.md
✅ 定时任务执行完成
🔄 开始执行 OpenClaw 信息速递定时任务...
📅 执行时间：Wed Apr 15 12:00:01 PM CST 2026
✅ 信息速递任务已触发
📄 输出文件：/home/admin/.openclaw/workspace/memory/openclaw-digest-20260415-1200.md
✅ 定时任务执行完成
🔄 开始执行 OpenClaw 信息速递定时任务...
📅 执行时间：Thu Apr 16 12:00:01 AM CST 2026
✅ 信息速递任务已触发
📄 输出文件：/home/admin/.openclaw/workspace/memory/openclaw-digest-20260416-0000.md
✅ 定时任务执行完成
🔄 开始执行 OpenClaw 信息速递定时任务...
📅 执行时间：Thu Apr 16 12:00:01 PM CST 2026
✅ 信息速递任务已触发
📄 输出文件：/home/admin/.openclaw/workspace/memory/openclaw-digest-20260416-1200.md
✅ 定时任务执行完成
🔄 开始执行 OpenClaw 信息速递定时任务...
📅 执行时间：Fri Apr 17 12:00:01 AM CST 2026
✅ 信息速递任务已触发
📄 输出文件：/home/admin/.openclaw/workspace/memory/openclaw-digest-20260417-0000.md
✅ 定时任务执行完成
🔄 开始执行 OpenClaw 信息速递定时任务...
📅 执行时间：Fri Apr 17 12:00:01 PM CST 2026
✅ 信息速递任务已触发
📄 输出文件：/home/admin/.openclaw/workspace/memory/openclaw-digest-20260417-1200.md
✅ 定时任务执行完成
🔄 开始执行 OpenClaw 信息速递定时任务...
📅 执行时间：Sat Apr 18 12:00:01 AM CST 2026
✅ 信息速递任务已触发
📄 输出文件：/home/admin/.openclaw/workspace/memory/openclaw-digest-20260418-0000.md
✅ 定时任务执行完成
🔄 开始执行 OpenClaw 信息速递定时任务...
📅 执行时间：Sat Apr 18 12:00:01 PM CST 2026
✅ 信息速递任务已触发
📄 输出文件：/home/admin/.openclaw/workspace/memory/openclaw-digest-20260418-1200.md
✅ 定时任务执行完成
🔄 开始执行 OpenClaw 信息速递定时任务...
📅 执行时间：Sun Apr 19 12:00:01 AM CST 2026
✅ 信息速递任务已触发
📄 输出文件：/home/admin/.openclaw/workspace/memory/openclaw-digest-20260419-0000.md
✅ 定时任务执行完成
🔄 开始执行 OpenClaw 信息速递定时任务...
📅 执行时间：Sun Apr 19 12:00:01 PM CST 2026
✅ 信息速递任务已触发
📄 输出文件：/home/admin/.openclaw/workspace/memory/openclaw-digest-20260419-1200.md
✅ 定时任务执行完成
🔄 开始执行 OpenClaw 信息速递定时任务...
📅 执行时间：Mon Apr 20 12:00:01 AM CST 2026
✅ 信息速递任务已触发
📄 输出文件：/home/admin/.openclaw/workspace/memory/openclaw-digest-20260420-0000.md
✅ 定时任务执行完成
🔄 开始执行 OpenClaw 信息速递定时任务...
📅 执行时间：Mon Apr 20 12:00:01 PM CST 2026
✅ 信息速递任务已触发
📄 输出文件：/home/admin/.openclaw/workspace/memory/openclaw-digest-20260420-1200.md
✅ 定时任务执行完成
🔄 开始执行 OpenClaw 信息速递定时任务...
📅 执行时间：Tue Apr 21 12:00:01 AM CST 2026
✅ 信息速递任务已触发
📄 输出文件：/home/admin/.openclaw/workspace/memory/openclaw-digest-20260421-0000.md
✅ 定时任务执行完成
🔄 开始执行 OpenClaw 信息速递定时任务...
📅 执行时间：Tue Apr 21 12:00:01 PM CST 2026
✅ 信息速递任务已触发
📄 输出文件：/home/admin/.openclaw/workspace/memory/openclaw-digest-20260421-1200.md
✅ 定时任务执行完成
🔄 开始执行 OpenClaw 信息速递定时任务...
📅 执行时间：Wed Apr 22 12:00:01 AM CST 2026
✅ 信息速递任务已触发
📄 输出文件：/home/admin/.openclaw/workspace/memory/openclaw-digest-20260422-0000.md
✅ 定时任务执行完成
🔄 开始执行 OpenClaw 信息速递定时任务...
📅 执行时间：Wed Apr 22 12:00:01 PM CST 2026
✅ 信息速递任务已触发
📄 输出文件：/home/admin/.openclaw/workspace/memory/openclaw-digest-20260422-1200.md
✅ 定时任务执行完成
🔄 开始执行 OpenClaw 信息速递定时任务...
📅 执行时间：Thu Apr 23 12:00:01 AM CST 2026
✅ 信息速递任务已触发
📄 输出文件：/home/admin/.openclaw/workspace/memory/openclaw-digest-20260423-0000.md
✅ 定时任务执行完成
🔄 开始执行 OpenClaw 信息速递定时任务...
📅 执行时间：Thu Apr 23 12:00:01 PM CST 2026
✅ 信息速递任务已触发
📄 输出文件：/home/admin/.openclaw/workspace/memory/openclaw-digest-20260423-1200.md
✅ 定时任务执行完成
🔄 开始执行 OpenClaw 信息速递定时任务...
📅 执行时间：Fri Apr 24 12:00:02 AM CST 2026
✅ 信息速递任务已触发
📄 输出文件：/home/admin/.openclaw/workspace/memory/openclaw-digest-20260424-0000.md
✅ 定时任务执行完成
🔄 开始执行 OpenClaw 信息速递定时任务...
📅 执行时间：Fri Apr 24 12:00:01 PM CST 2026
✅ 信息速递任务已触发
📄 输出文件：/home/admin/.openclaw/workspace/memory/openclaw-digest-20260424-1200.md
✅ 定时任务执行完成
🔄 开始执行 OpenClaw 信息速递定时任务...
📅 执行时间：Sat Apr 25 12:00:01 AM CST 2026
✅ 信息速递任务已触发
📄 输出文件：/home/admin/.openclaw/workspace/memory/openclaw-digest-20260425-0000.md
✅ 定时任务执行完成
🔄 开始执行 OpenClaw 信息速递定时任务...
📅 执行时间：Sat Apr 25 12:00:01 PM CST 2026
✅ 信息速递任务已触发
📄 输出文件：/home/admin/.openclaw/workspace/memory/openclaw-digest-20260425-1200.md
✅ 定时任务执行完成
🔄 开始执行 OpenClaw 信息速递定时任务...
📅 执行时间：Sun Apr 26 12:00:01 AM CST 2026
✅ 信息速递任务已触发
📄 输出文件：/home/admin/.openclaw/workspace/memory/openclaw-digest-20260426-0000.md
✅ 定时任务执行完成
🔄 开始执行 OpenClaw 信息速递定时任务...
📅 执行时间：Sun Apr 26 12:00:01 PM CST 2026
✅ 信息速递任务已触发
📄 输出文件：/home/admin/.openclaw/workspace/memory/openclaw-digest-20260426-1200.md
✅ 定时任务执行完成
🔄 开始执行 OpenClaw 信息速递定时任务...
📅 执行时间：Mon Apr 27 12:00:01 AM CST 2026
✅ 信息速递任务已触发
📄 输出文件：/home/admin/.openclaw/workspace/memory/openclaw-digest-20260427-0000.md
✅ 定时任务执行完成
🔄 开始执行 OpenClaw 信息速递定时任务...
📅 执行时间：Mon Apr 27 12:00:02 PM CST 2026
✅ 信息速递任务已触发
📄 输出文件：/home/admin/.openclaw/workspace/memory/openclaw-digest-20260427-1200.md
✅ 定时任务执行完成
🔄 开始执行 OpenClaw 信息速递定时任务...
📅 执行时间：Tue Apr 28 12:00:01 AM CST 2026
✅ 信息速递任务已触发
📄 输出文件：/home/admin/.openclaw/workspace/memory/openclaw-digest-20260428-0000.md
✅ 定时任务执行完成
🔄 开始执行 OpenClaw 信息速递定时任务...
📅 执行时间：Tue Apr 28 12:00:01 PM CST 2026
✅ 信息速递任务已触发
📄 输出文件：/home/admin/.openclaw/workspace/memory/openclaw-digest-20260428-1200.md
✅ 定时任务执行完成
🔄 开始执行 OpenClaw 信息速递定时任务...
📅 执行时间：Wed Apr 29 12:00:01 AM CST 2026
✅ 信息速递任务已触发
📄 输出文件：/home/admin/.openclaw/workspace/memory/openclaw-digest-20260429-0000.md
✅ 定时任务执行完成
🔄 开始执行 OpenClaw 信息速递定时任务...
📅 执行时间：Wed Apr 29 12:00:01 PM CST 2026
✅ 信息速递任务已触发
📄 输出文件：/home/admin/.openclaw/workspace/memory/openclaw-digest-20260429-1200.md
✅ 定时任务执行完成
🔄 开始执行 OpenClaw 信息速递定时任务...
📅 执行时间：Thu Apr 30 12:00:01 AM CST 2026
✅ 信息速递任务已触发
📄 输出文件：/home/admin/.openclaw/workspace/memory/openclaw-digest-20260430-0000.md
✅ 定时任务执行完成
🔄 开始执行 OpenClaw 信息速递定时任务...
📅 执行时间：Thu Apr 30 12:00:01 PM CST 2026
✅ 信息速递任务已触发
📄 输出文件：/home/admin/.openclaw/workspace/memory/openclaw-digest-20260430-1200.md
✅ 定时任务执行完成
🔄 开始执行 OpenClaw 信息速递定时任务...
📅 执行时间：Fri May  1 12:00:01 AM CST 2026
✅ 信息速递任务已触发
📄 输出文件：/home/admin/.openclaw/workspace/memory/openclaw-digest-20260501-0000.md
✅ 定时任务执行完成
🔄 开始执行 OpenClaw 信息速递定时任务...
📅 执行时间：Fri May  1 12:00:01 PM CST 2026
✅ 信息速递任务已触发
📄 输出文件：/home/admin/.openclaw/workspace/memory/openclaw-digest-20260501-1200.md
✅ 定时任务执行完成
🔄 开始执行 OpenClaw 信息速递定时任务...
📅 执行时间：Sat May  2 12:00:01 AM CST 2026
✅ 信息速递任务已触发
📄 输出文件：/home/admin/.openclaw/workspace/memory/openclaw-digest-20260502-0000.md
✅ 定时任务执行完成
🔄 开始执行 OpenClaw 信息速递定时任务...
📅 执行时间：Sat May  2 12:00:01 PM CST 2026
✅ 信息速递任务已触发
📄 输出文件：/home/admin/.openclaw/workspace/memory/openclaw-digest-20260502-1200.md
✅ 定时任务执行完成
🔄 开始执行 OpenClaw 信息速递定时任务...
📅 执行时间：Sun May  3 12:00:01 AM CST 2026
✅ 信息速递任务已触发
📄 输出文件：/home/admin/.openclaw/workspace/memory/openclaw-digest-20260503-0000.md
✅ 定时任务执行完成
🔄 开始执行 OpenClaw 信息速递定时任务...
📅 执行时间：Sun May  3 12:00:01 PM CST 2026
✅ 信息速递任务已触发
📄 输出文件：/home/admin/.openclaw/workspace/memory/openclaw-digest-20260503-1200.md
✅ 定时任务执行完成
