动态切片调度器启动

[2026-06-30T00:14:34.511247] 动态切片调度开始
  VIP切片: 7 个任务
  普通切片: 21 个任务
处理任务失败 backup_broken_day3_redistribute_qoder.json: Invalid \escape: line 20 column 105 (char 549)
处理任务失败 backup_broken_day3_redistribute_xiaochen.json: Invalid \escape: line 20 column 108 (char 560)
处理任务失败 backup_broken_day3_redistribute_zhuguxia.json: Invalid \escape: line 20 column 108 (char 568)
  ✅ 处理: day3_notification_xiaochen.json (vip)
  ✅ 处理: day3_notification_zhuguxia.json (vip)
  ✅ 处理: go_match_go-match-20260629_143924.json (vip)
  ✅ 处理: go_match_go-match-20260629_144249.json (vip)
  ✅ 处理: ack_reminder_v4.0_xiaochen.json (normal)
  ✅ 处理: ack_reminder_v4.0_zhuguxia.json (normal)
  ✅ 处理: cc-ack-deploy-xiaochen.json (normal)
  ✅ 处理: cc-ack-deploy-zhuguxia.json (normal)
  ✅ 处理: cc-ack-status-report.json (normal)
  ✅ 处理: cc_ack_status_20260629.json (normal)
  ✅ 处理: github_reminder_qoder_1782711001.json (normal)
  ✅ 处理: github_reminder_qoder_1782720004.json (normal)
  ✅ 处理: github_reminder_qoder_1782734406.json (normal)
  ✅ 处理: github_reminder_xiaowei_1782711001.json (normal)
  ✅ 处理: github_reminder_xiaowei_1782720004.json (normal)
  ✅ 处理: github_reminder_xiaowei_1782734406.json (normal)
  ✅ 处理: reminder_xiaochen_1782711001.json (normal)
  ✅ 处理: reminder_xiaochen_1782720004.json (normal)
  ✅ 处理: reminder_xiaochen_1782734406.json (normal)
  ✅ 处理: reminder_zhuguxia_1782711001.json (normal)
  ✅ 处理: reminder_zhuguxia_1782720004.json (normal)
  ✅ 处理: reminder_zhuguxia_1782734406.json (normal)
  ✅ 处理: sync-v4-deploy-report.json (normal)
  ✅ 处理: v4-deploy-complete.json (normal)
  ✅ 处理: xiaowei_proxy_config.json (normal)
  本次处理: 25 个任务
  累计VIP: 4, 普通: 21

[2026-06-30T00:44:34.535642] 动态切片调度开始
  VIP切片: 7 个任务
  普通切片: 31 个任务
处理任务失败 backup_broken_day3_redistribute_qoder.json: Invalid \escape: line 20 column 105 (char 549)
处理任务失败 backup_broken_day3_redistribute_xiaochen.json: Invalid \escape: line 20 column 108 (char 560)
处理任务失败 backup_broken_day3_redistribute_zhuguxia.json: Invalid \escape: line 20 column 108 (char 568)
  ✅ 处理: day3_notification_xiaochen.json (vip)
  ✅ 处理: day3_notification_zhuguxia.json (vip)
  ✅ 处理: go_match_go-match-20260629_143924.json (vip)
  ✅ 处理: go_match_go-match-20260629_144249.json (vip)
  ✅ 处理: ack_reminder_v4.0_xiaochen.json (normal)
  ✅ 处理: ack_reminder_v4.0_zhuguxia.json (normal)
  ✅ 处理: cc-ack-deploy-xiaochen.json (normal)
  ✅ 处理: cc-ack-deploy-zhuguxia.json (normal)
  ✅ 处理: cc-ack-status-report.json (normal)
  ✅ 处理: cc_ack_status_20260629.json (normal)
  ✅ 处理: github_reminder_qoder_1782711001.json (normal)
  ✅ 处理: github_reminder_qoder_1782720004.json (normal)
  ✅ 处理: github_reminder_qoder_1782734406.json (normal)
  ✅ 处理: github_reminder_xiaowei_1782711001.json (normal)
  ✅ 处理: github_reminder_xiaowei_1782720004.json (normal)
  ✅ 处理: github_reminder_xiaowei_1782734406.json (normal)
  ✅ 处理: push-qoder-eq-20260630002615.json (normal)
  ✅ 处理: push-qoder-execution-20260630002615.json (normal)
  ✅ 处理: push-xiaochen-execution-20260630002615.json (normal)
  ✅ 处理: push-xiaochen-reasoning-20260630002615.json (normal)
  ✅ 处理: push-xiaochen-reflection-20260630002615.json (normal)
  ✅ 处理: push-xiaochen-tooling-20260630002615.json (normal)
  ✅ 处理: push-zhuguxia-eq-20260630002615.json (normal)
  ✅ 处理: push-zhuguxia-execution-20260630002615.json (normal)
  ✅ 处理: push-zhuguxia-retrieval-20260630002615.json (normal)
  ✅ 处理: push-zhuguxia-tooling-20260630002615.json (normal)
  ✅ 处理: reminder_xiaochen_1782711001.json (normal)
  ✅ 处理: reminder_xiaochen_1782720004.json (normal)
  ✅ 处理: reminder_xiaochen_1782734406.json (normal)
  ✅ 处理: reminder_zhuguxia_1782711001.json (normal)
  ✅ 处理: reminder_zhuguxia_1782720004.json (normal)
  ✅ 处理: reminder_zhuguxia_1782734406.json (normal)
  ✅ 处理: sync-v4-deploy-report.json (normal)
  ✅ 处理: v4-deploy-complete.json (normal)
  ✅ 处理: xiaowei_proxy_config.json (normal)
  本次处理: 35 个任务
  累计VIP: 8, 普通: 52

[2026-06-30T01:14:34.567381] 动态切片调度开始
  VIP切片: 7 个任务
  普通切片: 31 个任务
处理任务失败 backup_broken_day3_redistribute_qoder.json: Invalid \escape: line 20 column 105 (char 549)
处理任务失败 backup_broken_day3_redistribute_xiaochen.json: Invalid \escape: line 20 column 108 (char 560)
处理任务失败 backup_broken_day3_redistribute_zhuguxia.json: Invalid \escape: line 20 column 108 (char 568)
  ✅ 处理: day3_notification_xiaochen.json (vip)
  ✅ 处理: day3_notification_zhuguxia.json (vip)
  ✅ 处理: go_match_go-match-20260629_143924.json (vip)
  ✅ 处理: go_match_go-match-20260629_144249.json (vip)
  ✅ 处理: ack_reminder_v4.0_xiaochen.json (normal)
  ✅ 处理: ack_reminder_v4.0_zhuguxia.json (normal)
  ✅ 处理: cc-ack-deploy-xiaochen.json (normal)
  ✅ 处理: cc-ack-deploy-zhuguxia.json (normal)
  ✅ 处理: cc-ack-status-report.json (normal)
  ✅ 处理: cc_ack_status_20260629.json (normal)
  ✅ 处理: github_reminder_qoder_1782711001.json (normal)
  ✅ 处理: github_reminder_qoder_1782720004.json (normal)
  ✅ 处理: github_reminder_qoder_1782734406.json (normal)
  ✅ 处理: github_reminder_xiaowei_1782711001.json (normal)
  ✅ 处理: github_reminder_xiaowei_1782720004.json (normal)
  ✅ 处理: github_reminder_xiaowei_1782734406.json (normal)
  ✅ 处理: push-qoder-eq-20260630002615.json (normal)
  ✅ 处理: push-qoder-execution-20260630002615.json (normal)
  ✅ 处理: push-xiaochen-execution-20260630002615.json (normal)
  ✅ 处理: push-xiaochen-reasoning-20260630002615.json (normal)
  ✅ 处理: push-xiaochen-reflection-20260630002615.json (normal)
  ✅ 处理: push-xiaochen-tooling-20260630002615.json (normal)
  ✅ 处理: push-zhuguxia-eq-20260630002615.json (normal)
  ✅ 处理: push-zhuguxia-execution-20260630002615.json (normal)
  ✅ 处理: push-zhuguxia-retrieval-20260630002615.json (normal)
  ✅ 处理: push-zhuguxia-tooling-20260630002615.json (normal)
  ✅ 处理: reminder_xiaochen_1782711001.json (normal)
  ✅ 处理: reminder_xiaochen_1782720004.json (normal)
  ✅ 处理: reminder_xiaochen_1782734406.json (normal)
  ✅ 处理: reminder_zhuguxia_1782711001.json (normal)
  ✅ 处理: reminder_zhuguxia_1782720004.json (normal)
  ✅ 处理: reminder_zhuguxia_1782734406.json (normal)
  ✅ 处理: sync-v4-deploy-report.json (normal)
  ✅ 处理: v4-deploy-complete.json (normal)
  ✅ 处理: xiaowei_proxy_config.json (normal)
  本次处理: 35 个任务
  累计VIP: 12, 普通: 83

[2026-06-30T01:44:34.628833] 动态切片调度开始
  VIP切片: 7 个任务
  普通切片: 31 个任务
处理任务失败 backup_broken_day3_redistribute_qoder.json: Invalid \escape: line 20 column 105 (char 549)
处理任务失败 backup_broken_day3_redistribute_xiaochen.json: Invalid \escape: line 20 column 108 (char 560)
处理任务失败 backup_broken_day3_redistribute_zhuguxia.json: Invalid \escape: line 20 column 108 (char 568)
  ✅ 处理: day3_notification_xiaochen.json (vip)
  ✅ 处理: day3_notification_zhuguxia.json (vip)
  ✅ 处理: go_match_go-match-20260629_143924.json (vip)
  ✅ 处理: go_match_go-match-20260629_144249.json (vip)
  ✅ 处理: ack_reminder_v4.0_xiaochen.json (normal)
  ✅ 处理: ack_reminder_v4.0_zhuguxia.json (normal)
  ✅ 处理: cc-ack-deploy-xiaochen.json (normal)
  ✅ 处理: cc-ack-deploy-zhuguxia.json (normal)
  ✅ 处理: cc-ack-status-report.json (normal)
  ✅ 处理: cc_ack_status_20260629.json (normal)
  ✅ 处理: github_reminder_qoder_1782711001.json (normal)
  ✅ 处理: github_reminder_qoder_1782720004.json (normal)
  ✅ 处理: github_reminder_qoder_1782734406.json (normal)
  ✅ 处理: github_reminder_xiaowei_1782711001.json (normal)
  ✅ 处理: github_reminder_xiaowei_1782720004.json (normal)
  ✅ 处理: github_reminder_xiaowei_1782734406.json (normal)
  ✅ 处理: push-qoder-eq-20260630002615.json (normal)
  ✅ 处理: push-qoder-execution-20260630002615.json (normal)
  ✅ 处理: push-xiaochen-execution-20260630002615.json (normal)
  ✅ 处理: push-xiaochen-reasoning-20260630002615.json (normal)
  ✅ 处理: push-xiaochen-reflection-20260630002615.json (normal)
  ✅ 处理: push-xiaochen-tooling-20260630002615.json (normal)
  ✅ 处理: push-zhuguxia-eq-20260630002615.json (normal)
  ✅ 处理: push-zhuguxia-execution-20260630002615.json (normal)
  ✅ 处理: push-zhuguxia-retrieval-20260630002615.json (normal)
  ✅ 处理: push-zhuguxia-tooling-20260630002615.json (normal)
  ✅ 处理: reminder_xiaochen_1782711001.json (normal)
  ✅ 处理: reminder_xiaochen_1782720004.json (normal)
  ✅ 处理: reminder_xiaochen_1782734406.json (normal)
  ✅ 处理: reminder_zhuguxia_1782711001.json (normal)
  ✅ 处理: reminder_zhuguxia_1782720004.json (normal)
  ✅ 处理: reminder_zhuguxia_1782734406.json (normal)
  ✅ 处理: sync-v4-deploy-report.json (normal)
  ✅ 处理: v4-deploy-complete.json (normal)
  ✅ 处理: xiaowei_proxy_config.json (normal)
  本次处理: 35 个任务
  累计VIP: 16, 普通: 114

[2026-06-30T02:14:34.646565] 动态切片调度开始
  VIP切片: 7 个任务
  普通切片: 31 个任务
处理任务失败 backup_broken_day3_redistribute_qoder.json: Invalid \escape: line 20 column 105 (char 549)
处理任务失败 backup_broken_day3_redistribute_xiaochen.json: Invalid \escape: line 20 column 108 (char 560)
处理任务失败 backup_broken_day3_redistribute_zhuguxia.json: Invalid \escape: line 20 column 108 (char 568)
  ✅ 处理: day3_notification_xiaochen.json (vip)
  ✅ 处理: day3_notification_zhuguxia.json (vip)
  ✅ 处理: go_match_go-match-20260629_143924.json (vip)
  ✅ 处理: go_match_go-match-20260629_144249.json (vip)
  ✅ 处理: ack_reminder_v4.0_xiaochen.json (normal)
  ✅ 处理: ack_reminder_v4.0_zhuguxia.json (normal)
  ✅ 处理: cc-ack-deploy-xiaochen.json (normal)
  ✅ 处理: cc-ack-deploy-zhuguxia.json (normal)
  ✅ 处理: cc-ack-status-report.json (normal)
  ✅ 处理: cc_ack_status_20260629.json (normal)
  ✅ 处理: github_reminder_qoder_1782711001.json (normal)
  ✅ 处理: github_reminder_qoder_1782720004.json (normal)
  ✅ 处理: github_reminder_qoder_1782734406.json (normal)
  ✅ 处理: github_reminder_xiaowei_1782711001.json (normal)
  ✅ 处理: github_reminder_xiaowei_1782720004.json (normal)
  ✅ 处理: github_reminder_xiaowei_1782734406.json (normal)
  ✅ 处理: push-qoder-eq-20260630002615.json (normal)
  ✅ 处理: push-qoder-execution-20260630002615.json (normal)
  ✅ 处理: push-xiaochen-execution-20260630002615.json (normal)
  ✅ 处理: push-xiaochen-reasoning-20260630002615.json (normal)
  ✅ 处理: push-xiaochen-reflection-20260630002615.json (normal)
  ✅ 处理: push-xiaochen-tooling-20260630002615.json (normal)
  ✅ 处理: push-zhuguxia-eq-20260630002615.json (normal)
  ✅ 处理: push-zhuguxia-execution-20260630002615.json (normal)
  ✅ 处理: push-zhuguxia-retrieval-20260630002615.json (normal)
  ✅ 处理: push-zhuguxia-tooling-20260630002615.json (normal)
  ✅ 处理: reminder_xiaochen_1782711001.json (normal)
  ✅ 处理: reminder_xiaochen_1782720004.json (normal)
  ✅ 处理: reminder_xiaochen_1782734406.json (normal)
  ✅ 处理: reminder_zhuguxia_1782711001.json (normal)
  ✅ 处理: reminder_zhuguxia_1782720004.json (normal)
  ✅ 处理: reminder_zhuguxia_1782734406.json (normal)
  ✅ 处理: sync-v4-deploy-report.json (normal)
  ✅ 处理: v4-deploy-complete.json (normal)
  ✅ 处理: xiaowei_proxy_config.json (normal)
  本次处理: 35 个任务
  累计VIP: 20, 普通: 145

[2026-06-30T02:44:34.667867] 动态切片调度开始
  VIP切片: 7 个任务
  普通切片: 31 个任务
处理任务失败 backup_broken_day3_redistribute_qoder.json: Invalid \escape: line 20 column 105 (char 549)
处理任务失败 backup_broken_day3_redistribute_xiaochen.json: Invalid \escape: line 20 column 108 (char 560)
处理任务失败 backup_broken_day3_redistribute_zhuguxia.json: Invalid \escape: line 20 column 108 (char 568)
  ✅ 处理: day3_notification_xiaochen.json (vip)
  ✅ 处理: day3_notification_zhuguxia.json (vip)
  ✅ 处理: go_match_go-match-20260629_143924.json (vip)
  ✅ 处理: go_match_go-match-20260629_144249.json (vip)
  ✅ 处理: ack_reminder_v4.0_xiaochen.json (normal)
  ✅ 处理: ack_reminder_v4.0_zhuguxia.json (normal)
  ✅ 处理: cc-ack-deploy-xiaochen.json (normal)
  ✅ 处理: cc-ack-deploy-zhuguxia.json (normal)
  ✅ 处理: cc-ack-status-report.json (normal)
  ✅ 处理: cc_ack_status_20260629.json (normal)
  ✅ 处理: github_reminder_qoder_1782711001.json (normal)
  ✅ 处理: github_reminder_qoder_1782720004.json (normal)
  ✅ 处理: github_reminder_qoder_1782734406.json (normal)
  ✅ 处理: github_reminder_xiaowei_1782711001.json (normal)
  ✅ 处理: github_reminder_xiaowei_1782720004.json (normal)
  ✅ 处理: github_reminder_xiaowei_1782734406.json (normal)
  ✅ 处理: push-qoder-eq-20260630002615.json (normal)
  ✅ 处理: push-qoder-execution-20260630002615.json (normal)
  ✅ 处理: push-xiaochen-execution-20260630002615.json (normal)
  ✅ 处理: push-xiaochen-reasoning-20260630002615.json (normal)
  ✅ 处理: push-xiaochen-reflection-20260630002615.json (normal)
  ✅ 处理: push-xiaochen-tooling-20260630002615.json (normal)
  ✅ 处理: push-zhuguxia-eq-20260630002615.json (normal)
  ✅ 处理: push-zhuguxia-execution-20260630002615.json (normal)
  ✅ 处理: push-zhuguxia-retrieval-20260630002615.json (normal)
  ✅ 处理: push-zhuguxia-tooling-20260630002615.json (normal)
  ✅ 处理: reminder_xiaochen_1782711001.json (normal)
  ✅ 处理: reminder_xiaochen_1782720004.json (normal)
  ✅ 处理: reminder_xiaochen_1782734406.json (normal)
  ✅ 处理: reminder_zhuguxia_1782711001.json (normal)
  ✅ 处理: reminder_zhuguxia_1782720004.json (normal)
  ✅ 处理: reminder_zhuguxia_1782734406.json (normal)
  ✅ 处理: sync-v4-deploy-report.json (normal)
  ✅ 处理: v4-deploy-complete.json (normal)
  ✅ 处理: xiaowei_proxy_config.json (normal)
  本次处理: 35 个任务
  累计VIP: 24, 普通: 176

[2026-06-30T03:14:34.698354] 动态切片调度开始
  VIP切片: 7 个任务
  普通切片: 31 个任务
处理任务失败 backup_broken_day3_redistribute_qoder.json: Invalid \escape: line 20 column 105 (char 549)
处理任务失败 backup_broken_day3_redistribute_xiaochen.json: Invalid \escape: line 20 column 108 (char 560)
处理任务失败 backup_broken_day3_redistribute_zhuguxia.json: Invalid \escape: line 20 column 108 (char 568)
  ✅ 处理: day3_notification_xiaochen.json (vip)
  ✅ 处理: day3_notification_zhuguxia.json (vip)
  ✅ 处理: go_match_go-match-20260629_143924.json (vip)
  ✅ 处理: go_match_go-match-20260629_144249.json (vip)
  ✅ 处理: ack_reminder_v4.0_xiaochen.json (normal)
  ✅ 处理: ack_reminder_v4.0_zhuguxia.json (normal)
  ✅ 处理: cc-ack-deploy-xiaochen.json (normal)
  ✅ 处理: cc-ack-deploy-zhuguxia.json (normal)
  ✅ 处理: cc-ack-status-report.json (normal)
  ✅ 处理: cc_ack_status_20260629.json (normal)
  ✅ 处理: github_reminder_qoder_1782711001.json (normal)
  ✅ 处理: github_reminder_qoder_1782720004.json (normal)
  ✅ 处理: github_reminder_qoder_1782734406.json (normal)
  ✅ 处理: github_reminder_xiaowei_1782711001.json (normal)
  ✅ 处理: github_reminder_xiaowei_1782720004.json (normal)
  ✅ 处理: github_reminder_xiaowei_1782734406.json (normal)
  ✅ 处理: push-qoder-eq-20260630002615.json (normal)
  ✅ 处理: push-qoder-execution-20260630002615.json (normal)
  ✅ 处理: push-xiaochen-execution-20260630002615.json (normal)
  ✅ 处理: push-xiaochen-reasoning-20260630002615.json (normal)
  ✅ 处理: push-xiaochen-reflection-20260630002615.json (normal)
  ✅ 处理: push-xiaochen-tooling-20260630002615.json (normal)
  ✅ 处理: push-zhuguxia-eq-20260630002615.json (normal)
  ✅ 处理: push-zhuguxia-execution-20260630002615.json (normal)
  ✅ 处理: push-zhuguxia-retrieval-20260630002615.json (normal)
  ✅ 处理: push-zhuguxia-tooling-20260630002615.json (normal)
  ✅ 处理: reminder_xiaochen_1782711001.json (normal)
  ✅ 处理: reminder_xiaochen_1782720004.json (normal)
  ✅ 处理: reminder_xiaochen_1782734406.json (normal)
  ✅ 处理: reminder_zhuguxia_1782711001.json (normal)
  ✅ 处理: reminder_zhuguxia_1782720004.json (normal)
  ✅ 处理: reminder_zhuguxia_1782734406.json (normal)
  ✅ 处理: sync-v4-deploy-report.json (normal)
  ✅ 处理: v4-deploy-complete.json (normal)
  ✅ 处理: xiaowei_proxy_config.json (normal)
  本次处理: 35 个任务
  累计VIP: 28, 普通: 207

[2026-06-30T03:44:34.716593] 动态切片调度开始
  VIP切片: 7 个任务
  普通切片: 31 个任务
处理任务失败 backup_broken_day3_redistribute_qoder.json: Invalid \escape: line 20 column 105 (char 549)
处理任务失败 backup_broken_day3_redistribute_xiaochen.json: Invalid \escape: line 20 column 108 (char 560)
处理任务失败 backup_broken_day3_redistribute_zhuguxia.json: Invalid \escape: line 20 column 108 (char 568)
  ✅ 处理: day3_notification_xiaochen.json (vip)
  ✅ 处理: day3_notification_zhuguxia.json (vip)
  ✅ 处理: go_match_go-match-20260629_143924.json (vip)
  ✅ 处理: go_match_go-match-20260629_144249.json (vip)
  ✅ 处理: ack_reminder_v4.0_xiaochen.json (normal)
  ✅ 处理: ack_reminder_v4.0_zhuguxia.json (normal)
  ✅ 处理: cc-ack-deploy-xiaochen.json (normal)
  ✅ 处理: cc-ack-deploy-zhuguxia.json (normal)
  ✅ 处理: cc-ack-status-report.json (normal)
  ✅ 处理: cc_ack_status_20260629.json (normal)
  ✅ 处理: github_reminder_qoder_1782711001.json (normal)
  ✅ 处理: github_reminder_qoder_1782720004.json (normal)
  ✅ 处理: github_reminder_qoder_1782734406.json (normal)
  ✅ 处理: github_reminder_xiaowei_1782711001.json (normal)
  ✅ 处理: github_reminder_xiaowei_1782720004.json (normal)
  ✅ 处理: github_reminder_xiaowei_1782734406.json (normal)
  ✅ 处理: push-qoder-eq-20260630002615.json (normal)
  ✅ 处理: push-qoder-execution-20260630002615.json (normal)
  ✅ 处理: push-xiaochen-execution-20260630002615.json (normal)
  ✅ 处理: push-xiaochen-reasoning-20260630002615.json (normal)
  ✅ 处理: push-xiaochen-reflection-20260630002615.json (normal)
  ✅ 处理: push-xiaochen-tooling-20260630002615.json (normal)
  ✅ 处理: push-zhuguxia-eq-20260630002615.json (normal)
  ✅ 处理: push-zhuguxia-execution-20260630002615.json (normal)
  ✅ 处理: push-zhuguxia-retrieval-20260630002615.json (normal)
  ✅ 处理: push-zhuguxia-tooling-20260630002615.json (normal)
  ✅ 处理: reminder_xiaochen_1782711001.json (normal)
  ✅ 处理: reminder_xiaochen_1782720004.json (normal)
  ✅ 处理: reminder_xiaochen_1782734406.json (normal)
  ✅ 处理: reminder_zhuguxia_1782711001.json (normal)
  ✅ 处理: reminder_zhuguxia_1782720004.json (normal)
  ✅ 处理: reminder_zhuguxia_1782734406.json (normal)
  ✅ 处理: sync-v4-deploy-report.json (normal)
  ✅ 处理: v4-deploy-complete.json (normal)
  ✅ 处理: xiaowei_proxy_config.json (normal)
  本次处理: 35 个任务
  累计VIP: 32, 普通: 238

[2026-06-30T04:14:34.741391] 动态切片调度开始
  VIP切片: 7 个任务
  普通切片: 31 个任务
处理任务失败 backup_broken_day3_redistribute_qoder.json: Invalid \escape: line 20 column 105 (char 549)
处理任务失败 backup_broken_day3_redistribute_xiaochen.json: Invalid \escape: line 20 column 108 (char 560)
处理任务失败 backup_broken_day3_redistribute_zhuguxia.json: Invalid \escape: line 20 column 108 (char 568)
  ✅ 处理: day3_notification_xiaochen.json (vip)
  ✅ 处理: day3_notification_zhuguxia.json (vip)
  ✅ 处理: go_match_go-match-20260629_143924.json (vip)
  ✅ 处理: go_match_go-match-20260629_144249.json (vip)
  ✅ 处理: ack_reminder_v4.0_xiaochen.json (normal)
  ✅ 处理: ack_reminder_v4.0_zhuguxia.json (normal)
  ✅ 处理: cc-ack-deploy-xiaochen.json (normal)
  ✅ 处理: cc-ack-deploy-zhuguxia.json (normal)
  ✅ 处理: cc-ack-status-report.json (normal)
  ✅ 处理: cc_ack_status_20260629.json (normal)
  ✅ 处理: github_reminder_qoder_1782711001.json (normal)
  ✅ 处理: github_reminder_qoder_1782720004.json (normal)
  ✅ 处理: github_reminder_qoder_1782734406.json (normal)
  ✅ 处理: github_reminder_xiaowei_1782711001.json (normal)
  ✅ 处理: github_reminder_xiaowei_1782720004.json (normal)
  ✅ 处理: github_reminder_xiaowei_1782734406.json (normal)
  ✅ 处理: push-qoder-eq-20260630002615.json (normal)
  ✅ 处理: push-qoder-execution-20260630002615.json (normal)
  ✅ 处理: push-xiaochen-execution-20260630002615.json (normal)
  ✅ 处理: push-xiaochen-reasoning-20260630002615.json (normal)
  ✅ 处理: push-xiaochen-reflection-20260630002615.json (normal)
  ✅ 处理: push-xiaochen-tooling-20260630002615.json (normal)
  ✅ 处理: push-zhuguxia-eq-20260630002615.json (normal)
  ✅ 处理: push-zhuguxia-execution-20260630002615.json (normal)
  ✅ 处理: push-zhuguxia-retrieval-20260630002615.json (normal)
  ✅ 处理: push-zhuguxia-tooling-20260630002615.json (normal)
  ✅ 处理: reminder_xiaochen_1782711001.json (normal)
  ✅ 处理: reminder_xiaochen_1782720004.json (normal)
  ✅ 处理: reminder_xiaochen_1782734406.json (normal)
  ✅ 处理: reminder_zhuguxia_1782711001.json (normal)
  ✅ 处理: reminder_zhuguxia_1782720004.json (normal)
  ✅ 处理: reminder_zhuguxia_1782734406.json (normal)
  ✅ 处理: sync-v4-deploy-report.json (normal)
  ✅ 处理: v4-deploy-complete.json (normal)
  ✅ 处理: xiaowei_proxy_config.json (normal)
  本次处理: 35 个任务
  累计VIP: 36, 普通: 269

[2026-06-30T04:44:34.759662] 动态切片调度开始
  VIP切片: 7 个任务
  普通切片: 31 个任务
处理任务失败 backup_broken_day3_redistribute_qoder.json: Invalid \escape: line 20 column 105 (char 549)
处理任务失败 backup_broken_day3_redistribute_xiaochen.json: Invalid \escape: line 20 column 108 (char 560)
处理任务失败 backup_broken_day3_redistribute_zhuguxia.json: Invalid \escape: line 20 column 108 (char 568)
  ✅ 处理: day3_notification_xiaochen.json (vip)
  ✅ 处理: day3_notification_zhuguxia.json (vip)
  ✅ 处理: go_match_go-match-20260629_143924.json (vip)
  ✅ 处理: go_match_go-match-20260629_144249.json (vip)
  ✅ 处理: ack_reminder_v4.0_xiaochen.json (normal)
  ✅ 处理: ack_reminder_v4.0_zhuguxia.json (normal)
  ✅ 处理: cc-ack-deploy-xiaochen.json (normal)
  ✅ 处理: cc-ack-deploy-zhuguxia.json (normal)
  ✅ 处理: cc-ack-status-report.json (normal)
  ✅ 处理: cc_ack_status_20260629.json (normal)
  ✅ 处理: github_reminder_qoder_1782711001.json (normal)
  ✅ 处理: github_reminder_qoder_1782720004.json (normal)
  ✅ 处理: github_reminder_qoder_1782734406.json (normal)
  ✅ 处理: github_reminder_xiaowei_1782711001.json (normal)
  ✅ 处理: github_reminder_xiaowei_1782720004.json (normal)
  ✅ 处理: github_reminder_xiaowei_1782734406.json (normal)
  ✅ 处理: push-qoder-eq-20260630002615.json (normal)
  ✅ 处理: push-qoder-execution-20260630002615.json (normal)
  ✅ 处理: push-xiaochen-execution-20260630002615.json (normal)
  ✅ 处理: push-xiaochen-reasoning-20260630002615.json (normal)
  ✅ 处理: push-xiaochen-reflection-20260630002615.json (normal)
  ✅ 处理: push-xiaochen-tooling-20260630002615.json (normal)
  ✅ 处理: push-zhuguxia-eq-20260630002615.json (normal)
  ✅ 处理: push-zhuguxia-execution-20260630002615.json (normal)
  ✅ 处理: push-zhuguxia-retrieval-20260630002615.json (normal)
  ✅ 处理: push-zhuguxia-tooling-20260630002615.json (normal)
  ✅ 处理: reminder_xiaochen_1782711001.json (normal)
  ✅ 处理: reminder_xiaochen_1782720004.json (normal)
  ✅ 处理: reminder_xiaochen_1782734406.json (normal)
  ✅ 处理: reminder_zhuguxia_1782711001.json (normal)
  ✅ 处理: reminder_zhuguxia_1782720004.json (normal)
  ✅ 处理: reminder_zhuguxia_1782734406.json (normal)
  ✅ 处理: sync-v4-deploy-report.json (normal)