This is pdfTeX, Version 3.14159265-2.6-1.40.21 (TeX Live 2020) (preloaded format=pdflatex 2026.5.30)  5 JUN 2026 17:51
entering extended mode
 restricted \write18 enabled.
 %&-line parsing enabled.
**main.tex
(./main.tex
LaTeX2e <2020-10-01> patch level 4
L3 programming layer <2021-02-18>
(/usr/share/texlive/texmf-dist/tex/latex/base/article.cls
Document Class: article 2020/04/10 v1.4m Standard LaTeX document class
(/usr/share/texlive/texmf-dist/tex/latex/base/size12.clo
File: size12.clo 2020/04/10 v1.4m Standard LaTeX file (size option)
)
\c@part=\count179
\c@section=\count180
\c@subsection=\count181
\c@subsubsection=\count182
\c@paragraph=\count183
\c@subparagraph=\count184
\c@figure=\count185
\c@table=\count186
\abovecaptionskip=\skip47
\belowcaptionskip=\skip48
\bibindent=\dimen138
)
(/usr/share/texlive/texmf-dist/tex/latex/amsmath/amsmath.sty
Package: amsmath 2020/09/23 v2.17i AMS math features
\@mathmargin=\skip49

For additional information on amsmath, use the `?' option.
(/usr/share/texlive/texmf-dist/tex/latex/amsmath/amstext.sty
Package: amstext 2000/06/29 v2.01 AMS text

(/usr/share/texlive/texmf-dist/tex/latex/amsmath/amsgen.sty
File: amsgen.sty 1999/11/30 v2.0 generic functions
\@emptytoks=\toks15
\ex@=\dimen139
))
(/usr/share/texlive/texmf-dist/tex/latex/amsmath/amsbsy.sty
Package: amsbsy 1999/11/29 v1.2d Bold Symbols
\pmbraise@=\dimen140
)
(/usr/share/texlive/texmf-dist/tex/latex/amsmath/amsopn.sty
Package: amsopn 2016/03/08 v2.02 operator names
)
\inf@bad=\count187
LaTeX Info: Redefining \frac on input line 234.
\uproot@=\count188
\leftroot@=\count189
LaTeX Info: Redefining \overline on input line 399.
\classnum@=\count190
\DOTSCASE@=\count191
LaTeX Info: Redefining \ldots on input line 496.
LaTeX Info: Redefining \dots on input line 499.
LaTeX Info: Redefining \cdots on input line 620.
\Mathstrutbox@=\box47
\strutbox@=\box48
\big@size=\dimen141
LaTeX Font Info:    Redeclaring font encoding OML on input line 743.
LaTeX Font Info:    Redeclaring font encoding OMS on input line 744.
\macc@depth=\count192
\c@MaxMatrixCols=\count193
\dotsspace@=\muskip16
\c@parentequation=\count194
\dspbrk@lvl=\count195
\tag@help=\toks16
\row@=\count196
\column@=\count197
\maxfields@=\count198
\andhelp@=\toks17
\eqnshift@=\dimen142
\alignsep@=\dimen143
\tagshift@=\dimen144
\tagwidth@=\dimen145
\totwidth@=\dimen146
\lineht@=\dimen147
\@envbody=\toks18
\multlinegap=\skip50
\multlinetaggap=\skip51
\mathdisplay@stack=\toks19
LaTeX Info: Redefining \[ on input line 2923.
LaTeX Info: Redefining \] on input line 2924.
)
(/usr/share/texlive/texmf-dist/tex/latex/amsfonts/amssymb.sty
Package: amssymb 2013/01/14 v3.01 AMS font symbols

(/usr/share/texlive/texmf-dist/tex/latex/amsfonts/amsfonts.sty
Package: amsfonts 2013/01/14 v3.01 Basic AMSFonts support
\symAMSa=\mathgroup4
\symAMSb=\mathgroup5
LaTeX Font Info:    Redeclaring math symbol \hbar on input line 98.
LaTeX Font Info:    Overwriting math alphabet `\mathfrak' in version `bold'
(Font)                  U/euf/m/n --> U/euf/b/n on input line 106.
))
(/usr/share/texlive/texmf-dist/tex/latex/geometry/geometry.sty
Package: geometry 2020/01/02 v5.9 Page Geometry

(/usr/share/texlive/texmf-dist/tex/latex/graphics/keyval.sty
Package: keyval 2014/10/28 v1.15 key=value parser (DPC)
\KV@toks@=\toks20
)
(/usr/share/texlive/texmf-dist/tex/generic/iftex/ifvtex.sty
Package: ifvtex 2019/10/25 v1.7 ifvtex legacy package. Use iftex instead.

(/usr/share/texlive/texmf-dist/tex/generic/iftex/iftex.sty
Package: iftex 2020/03/06 v1.0d TeX engine tests
))
\Gm@cnth=\count199
\Gm@cntv=\count266
\c@Gm@tempcnt=\count267
\Gm@bindingoffset=\dimen148
\Gm@wd@mp=\dimen149
\Gm@odd@mp=\dimen150
\Gm@even@mp=\dimen151
\Gm@layoutwidth=\dimen152
\Gm@layoutheight=\dimen153
\Gm@layouthoffset=\dimen154
\Gm@layoutvoffset=\dimen155
\Gm@dimlist=\toks21
)
(/usr/share/texlive/texmf-dist/tex/latex/graphics/graphicx.sty
Package: graphicx 2020/09/09 v1.2b Enhanced LaTeX Graphics (DPC,SPQR)

(/usr/share/texlive/texmf-dist/tex/latex/graphics/graphics.sty
Package: graphics 2020/08/30 v1.4c Standard LaTeX Graphics (DPC,SPQR)

(/usr/share/texlive/texmf-dist/tex/latex/graphics/trig.sty
Package: trig 2016/01/03 v1.10 sin cos tan (DPC)
)
(/usr/share/texlive/texmf-dist/tex/latex/graphics-cfg/graphics.cfg
File: graphics.cfg 2016/06/04 v1.11 sample graphics configuration
)
Package graphics Info: Driver file: pdftex.def on input line 105.

(/usr/share/texlive/texmf-dist/tex/latex/graphics-def/pdftex.def
File: pdftex.def 2020/10/05 v1.2a Graphics/color driver for pdftex
))
\Gin@req@height=\dimen156
\Gin@req@width=\dimen157
)
(/usr/share/texlive/texmf-dist/tex/latex/booktabs/booktabs.sty
Package: booktabs 2020/01/12 v1.61803398 Publication quality tables
\heavyrulewidth=\dimen158
\lightrulewidth=\dimen159
\cmidrulewidth=\dimen160
\belowrulesep=\dimen161
\belowbottomsep=\dimen162
\aboverulesep=\dimen163
\abovetopsep=\dimen164
\cmidrulesep=\dimen165
\cmidrulekern=\dimen166
\defaultaddspace=\dimen167
\@cmidla=\count268
\@cmidlb=\count269
\@aboverulesep=\dimen168
\@belowrulesep=\dimen169
\@thisruleclass=\count270
\@lastruleclass=\count271
\@thisrulewidth=\dimen170
)
(/usr/share/texlive/texmf-dist/tex/latex/multirow/multirow.sty
Package: multirow 2021/03/15 v2.8 Span multiple rows of a table
\multirow@colwidth=\skip52
\multirow@cntb=\count272
\multirow@dima=\skip53
\bigstrutjot=\dimen171
)
(/usr/share/texlive/texmf-dist/tex/latex/tools/array.sty
Package: array 2020/10/01 v2.5c Tabular extension package (FMi)
\col@sep=\dimen172
\ar@mcellbox=\box49
\extrarowheight=\dimen173
\NC@list=\toks22
\extratabsurround=\skip54
\backup@length=\skip55
\ar@cellbox=\box50
)
(/usr/share/texlive/texmf-dist/tex/latex/hyperref/hyperref.sty
Package: hyperref 2021-02-27 v7.00k Hypertext links for LaTeX

(/usr/share/texlive/texmf-dist/tex/generic/ltxcmds/ltxcmds.sty
Package: ltxcmds 2020-05-10 v1.25 LaTeX kernel commands for general use (HO)
)
(/usr/share/texlive/texmf-dist/tex/generic/pdftexcmds/pdftexcmds.sty
Package: pdftexcmds 2020-06-27 v0.33 Utility functions of pdfTeX for LuaTeX (HO
)

(/usr/share/texlive/texmf-dist/tex/generic/infwarerr/infwarerr.sty
Package: infwarerr 2019/12/03 v1.5 Providing info/warning/error messages (HO)
)
Package pdftexcmds Info: \pdf@primitive is available.
Package pdftexcmds Info: \pdf@ifprimitive is available.
Package pdftexcmds Info: \pdfdraftmode found.
)
(/usr/share/texlive/texmf-dist/tex/generic/kvsetkeys/kvsetkeys.sty
Package: kvsetkeys 2019/12/15 v1.18 Key value parser (HO)
)
(/usr/share/texlive/texmf-dist/tex/generic/kvdefinekeys/kvdefinekeys.sty
Package: kvdefinekeys 2019-12-19 v1.6 Define keys (HO)
)
(/usr/share/texlive/texmf-dist/tex/generic/pdfescape/pdfescape.sty
Package: pdfescape 2019/12/09 v1.15 Implements pdfTeX's escape features (HO)
)
(/usr/share/texlive/texmf-dist/tex/latex/hycolor/hycolor.sty
Package: hycolor 2020-01-27 v1.10 Color options for hyperref/bookmark (HO)
)
(/usr/share/texlive/texmf-dist/tex/latex/letltxmacro/letltxmacro.sty
Package: letltxmacro 2019/12/03 v1.6 Let assignment for LaTeX macros (HO)
)
(/usr/share/texlive/texmf-dist/tex/latex/auxhook/auxhook.sty
Package: auxhook 2019-12-17 v1.6 Hooks for auxiliary files (HO)
)
(/usr/share/texlive/texmf-dist/tex/latex/kvoptions/kvoptions.sty
Package: kvoptions 2020-10-07 v3.14 Key value format for package options (HO)
)
\@linkdim=\dimen174
\Hy@linkcounter=\count273
\Hy@pagecounter=\count274

(/usr/share/texlive/texmf-dist/tex/latex/hyperref/pd1enc.def
File: pd1enc.def 2021-02-27 v7.00k Hyperref: PDFDocEncoding definition (HO)
Now handling font encoding PD1 ...
... no UTF-8 mapping file for font encoding PD1
)
(/usr/share/texlive/texmf-dist/tex/latex/hyperref/hyperref-langpatches.def
File: hyperref-langpatches.def 2021-02-27 v7.00k Hyperref: patches for babel la
nguages
)
(/usr/share/texlive/texmf-dist/tex/generic/intcalc/intcalc.sty
Package: intcalc 2019/12/15 v1.3 Expandable calculations with integers (HO)
)
(/usr/share/texlive/texmf-dist/tex/generic/etexcmds/etexcmds.sty
Package: etexcmds 2019/12/15 v1.7 Avoid name clashes with e-TeX commands (HO)
)
\Hy@SavedSpaceFactor=\count275

(/usr/share/texlive/texmf-dist/tex/latex/hyperref/puenc.def
File: puenc.def 2021-02-27 v7.00k Hyperref: PDF Unicode definition (HO)
Now handling font encoding PU ...
... no UTF-8 mapping file for font encoding PU
)
Package hyperref Info: Hyper figures OFF on input line 4192.
Package hyperref Info: Link nesting OFF on input line 4197.
Package hyperref Info: Hyper index ON on input line 4200.
Package hyperref Info: Plain pages OFF on input line 4207.
Package hyperref Info: Backreferencing OFF on input line 4212.
Package hyperref Info: Implicit mode ON; LaTeX internals redefined.
Package hyperref Info: Bookmarks ON on input line 4445.
\c@Hy@tempcnt=\count276

(/usr/share/texlive/texmf-dist/tex/latex/url/url.sty
\Urlmuskip=\muskip17
Package: url 2013/09/16  ver 3.4  Verb mode for urls, etc.
)
LaTeX Info: Redefining \url on input line 4804.
\XeTeXLinkMargin=\dimen175

(/usr/share/texlive/texmf-dist/tex/generic/bitset/bitset.sty
Package: bitset 2019/12/09 v1.3 Handle bit-vector datatype (HO)

(/usr/share/texlive/texmf-dist/tex/generic/bigintcalc/bigintcalc.sty
Package: bigintcalc 2019/12/15 v1.5 Expandable calculations on big integers (HO
)
))
\Fld@menulength=\count277
\Field@Width=\dimen176
\Fld@charsize=\dimen177
Package hyperref Info: Hyper figures OFF on input line 6075.
Package hyperref Info: Link nesting OFF on input line 6080.
Package hyperref Info: Hyper index ON on input line 6083.
Package hyperref Info: backreferencing OFF on input line 6090.
Package hyperref Info: Link coloring OFF on input line 6095.
Package hyperref Info: Link coloring with OCG OFF on input line 6100.
Package hyperref Info: PDF/A mode OFF on input line 6105.
LaTeX Info: Redefining \ref on input line 6145.
LaTeX Info: Redefining \pageref on input line 6149.

(/usr/share/texlive/texmf-dist/tex/latex/base/atbegshi-ltx.sty
Package: atbegshi-ltx 2020/08/17 v1.0a Emulation of the original atbegshi packa
ge
with kernel methods
)
\Hy@abspage=\count278
\c@Item=\count279
\c@Hfootnote=\count280
)
Package hyperref Info: Driver (autodetected): hpdftex.

(/usr/share/texlive/texmf-dist/tex/latex/hyperref/hpdftex.def
File: hpdftex.def 2021-02-27 v7.00k Hyperref driver for pdfTeX

(/usr/share/texlive/texmf-dist/tex/latex/base/atveryend-ltx.sty
Package: atveryend-ltx 2020/08/19 v1.0a Emulation of the original atvery packag
e
with kernel methods
)
\Fld@listcount=\count281
\c@bookmark@seq@number=\count282

(/usr/share/texlive/texmf-dist/tex/latex/rerunfilecheck/rerunfilecheck.sty
Package: rerunfilecheck 2019/12/05 v1.9 Rerun checks for auxiliary files (HO)

(/usr/share/texlive/texmf-dist/tex/generic/uniquecounter/uniquecounter.sty
Package: uniquecounter 2019/12/15 v1.4 Provide unlimited unique counter (HO)
)
Package uniquecounter Info: New unique counter `rerunfilecheck' on input line 2
86.
)
\Hy@SectionHShift=\skip56
)
(/usr/share/texlive/texmf-dist/tex/latex/caption/caption.sty
Package: caption 2020/10/26 v3.5g Customizing captions (AR)

(/usr/share/texlive/texmf-dist/tex/latex/caption/caption3.sty
Package: caption3 2020/10/21 v2.2e caption3 kernel (AR)
\captionmargin=\dimen178
\captionmargin@=\dimen179
\captionwidth=\dimen180
\caption@tempdima=\dimen181
\caption@indent=\dimen182
\caption@parindent=\dimen183
\caption@hangindent=\dimen184
Package caption Info: Standard document class detected.
)
\c@caption@flags=\count283
\c@continuedfloat=\count284
Package caption Info: hyperref package is loaded.
)
(/usr/share/texlive/texmf-dist/tex/latex/caption/subcaption.sty
Package: subcaption 2020/10/07 v1.3j Sub-captions (AR)
\c@subfigure=\count285
\c@subtable=\count286
)
(/usr/share/texlive/texmf-dist/tex/latex/float/float.sty
Package: float 2001/11/08 v1.3d Float enhancements (AL)
\c@float@type=\count287
\float@exts=\toks23
\float@box=\box51
\@float@everytoks=\toks24
\@floatcapt=\box52
)
(/usr/share/texlive/texmf-dist/tex/latex/cjk/texinput/CJKutf8.sty
Package: CJKutf8 2015/04/18 4.8.4

(/usr/share/texlive/texmf-dist/tex/generic/iftex/ifpdf.sty
Package: ifpdf 2019/10/25 v3.4 ifpdf legacy package. Use iftex instead.
)
(/usr/share/texlive/texmf-dist/tex/latex/base/inputenc.sty
Package: inputenc 2020/08/01 v1.3d Input encoding file
\inpenc@prehook=\toks25
\inpenc@posthook=\toks26
)
(/usr/share/texlive/texmf-dist/tex/latex/cjk/texinput/CJK.sty
Package: CJK 2015/04/18 4.8.4

(/usr/share/texlive/texmf-dist/tex/latex/cjk/texinput/mule/MULEenc.sty
Package: MULEenc 2015/04/18 4.8.4
)
(/usr/share/texlive/texmf-dist/tex/latex/cjk/texinput/CJK.enc
File: CJK.enc 2015/04/18 4.8.4
Now handling font encoding C00 ...
... no UTF-8 mapping file for font encoding C00
Now handling font encoding C05 ...
... no UTF-8 mapping file for font encoding C05
Now handling font encoding C09 ...
... no UTF-8 mapping file for font encoding C09
Now handling font encoding C10 ...
... no UTF-8 mapping file for font encoding C10
Now handling font encoding C20 ...
... no UTF-8 mapping file for font encoding C20
Now handling font encoding C19 ...
... no UTF-8 mapping file for font encoding C19
Now handling font encoding C40 ...
... no UTF-8 mapping file for font encoding C40
Now handling font encoding C42 ...
... no UTF-8 mapping file for font encoding C42
Now handling font encoding C43 ...
... no UTF-8 mapping file for font encoding C43
Now handling font encoding C50 ...
... no UTF-8 mapping file for font encoding C50
Now handling font encoding C52 ...
... no UTF-8 mapping file for font encoding C52
Now handling font encoding C49 ...
... no UTF-8 mapping file for font encoding C49
Now handling font encoding C60 ...
... no UTF-8 mapping file for font encoding C60
Now handling font encoding C61 ...
... no UTF-8 mapping file for font encoding C61
Now handling font encoding C63 ...
... no UTF-8 mapping file for font encoding C63
Now handling font encoding C64 ...
... no UTF-8 mapping file for font encoding C64
Now handling font encoding C65 ...
... no UTF-8 mapping file for font encoding C65
Now handling font encoding C70 ...
... no UTF-8 mapping file for font encoding C70
Now handling font encoding C31 ...
... no UTF-8 mapping file for font encoding C31
Now handling font encoding C32 ...
... no UTF-8 mapping file for font encoding C32
Now handling font encoding C33 ...
... no UTF-8 mapping file for font encoding C33
Now handling font encoding C34 ...
... no UTF-8 mapping file for font encoding C34
Now handling font encoding C35 ...
... no UTF-8 mapping file for font encoding C35
Now handling font encoding C36 ...
... no UTF-8 mapping file for font encoding C36
Now handling font encoding C37 ...
... no UTF-8 mapping file for font encoding C37
Now handling font encoding C80 ...
... no UTF-8 mapping file for font encoding C80
Now handling font encoding C81 ...
... no UTF-8 mapping file for font encoding C81
Now handling font encoding C01 ...
... no UTF-8 mapping file for font encoding C01
Now handling font encoding C11 ...
... no UTF-8 mapping file for font encoding C11
Now handling font encoding C21 ...
... no UTF-8 mapping file for font encoding C21
Now handling font encoding C41 ...
... no UTF-8 mapping file for font encoding C41
Now handling font encoding C62 ...
... no UTF-8 mapping file for font encoding C62
)
LaTeX Info: Redefining \selectfont on input line 755.
\CJK@indent=\box53
)
(/usr/share/texlive/texmf-dist/tex/latex/base/fontenc.sty
Package: fontenc 2020/08/10 v2.0s Standard LaTeX package
))
(/usr/share/texlive/texmf-dist/tex/latex/l3backend/l3backend-pdftex.def
File: l3backend-pdftex.def 2021-03-18 L3 backend support: PDF output (pdfTeX)
\l__color_backend_stack_int=\count288
\l__pdf_internal_box=\box54
)
(./main.aux)
\openout1 = `main.aux'.

LaTeX Font Info:    Checking defaults for OML/cmm/m/it on input line 38.
LaTeX Font Info:    ... okay on input line 38.
LaTeX Font Info:    Checking defaults for OMS/cmsy/m/n on input line 38.
LaTeX Font Info:    ... okay on input line 38.
LaTeX Font Info:    Checking defaults for OT1/cmr/m/n on input line 38.
LaTeX Font Info:    ... okay on input line 38.
LaTeX Font Info:    Checking defaults for T1/cmr/m/n on input line 38.
LaTeX Font Info:    ... okay on input line 38.
LaTeX Font Info:    Checking defaults for TS1/cmr/m/n on input line 38.
LaTeX Font Info:    ... okay on input line 38.
LaTeX Font Info:    Checking defaults for OMX/cmex/m/n on input line 38.
LaTeX Font Info:    ... okay on input line 38.
LaTeX Font Info:    Checking defaults for U/cmr/m/n on input line 38.
LaTeX Font Info:    ... okay on input line 38.
LaTeX Font Info:    Checking defaults for PD1/pdf/m/n on input line 38.
LaTeX Font Info:    ... okay on input line 38.
LaTeX Font Info:    Checking defaults for PU/pdf/m/n on input line 38.
LaTeX Font Info:    ... okay on input line 38.
LaTeX Font Info:    Checking defaults for C00/song/m/n on input line 38.
LaTeX Font Info:    ... okay on input line 38.
LaTeX Font Info:    Checking defaults for C05/song/m/n on input line 38.
LaTeX Font Info:    ... okay on input line 38.
LaTeX Font Info:    Checking defaults for C09/song/m/n on input line 38.
LaTeX Font Info:    ... okay on input line 38.
LaTeX Font Info:    Checking defaults for C10/song/m/n on input line 38.
LaTeX Font Info:    ... okay on input line 38.
LaTeX Font Info:    Checking defaults for C20/song/m/n on input line 38.
LaTeX Font Info:    ... okay on input line 38.
LaTeX Font Info:    Checking defaults for C19/song/m/n on input line 38.
LaTeX Font Info:    ... okay on input line 38.
LaTeX Font Info:    Checking defaults for C40/song/m/n on input line 38.
LaTeX Font Info:    ... okay on input line 38.
LaTeX Font Info:    Checking defaults for C42/song/m/n on input line 38.
LaTeX Font Info:    ... okay on input line 38.
LaTeX Font Info:    Checking defaults for C43/song/m/n on input line 38.
LaTeX Font Info:    ... okay on input line 38.
LaTeX Font Info:    Checking defaults for C50/song/m/n on input line 38.
LaTeX Font Info:    ... okay on input line 38.
LaTeX Font Info:    Checking defaults for C52/song/m/n on input line 38.
LaTeX Font Info:    ... okay on input line 38.
LaTeX Font Info:    Checking defaults for C49/song/m/n on input line 38.
LaTeX Font Info:    ... okay on input line 38.
LaTeX Font Info:    Checking defaults for C60/mj/m/n on input line 38.
LaTeX Font Info:    ... okay on input line 38.
LaTeX Font Info:    Checking defaults for C61/mj/m/n on input line 38.
LaTeX Font Info:    ... okay on input line 38.
LaTeX Font Info:    Checking defaults for C63/mj/m/n on input line 38.
LaTeX Font Info:    ... okay on input line 38.
LaTeX Font Info:    Checking defaults for C64/mj/m/n on input line 38.
LaTeX Font Info:    ... okay on input line 38.
LaTeX Font Info:    Checking defaults for C65/mj/m/n on input line 38.
LaTeX Font Info:    ... okay on input line 38.
LaTeX Font Info:    Checking defaults for C70/song/m/n on input line 38.
LaTeX Font Info:    ... okay on input line 38.
LaTeX Font Info:    Checking defaults for C31/song/m/n on input line 38.
LaTeX Font Info:    ... okay on input line 38.
LaTeX Font Info:    Checking defaults for C32/song/m/n on input line 38.
LaTeX Font Info:    ... okay on input line 38.
LaTeX Font Info:    Checking defaults for C33/song/m/n on input line 38.
LaTeX Font Info:    ... okay on input line 38.
LaTeX Font Info:    Checking defaults for C34/song/m/n on input line 38.
LaTeX Font Info:    ... okay on input line 38.
LaTeX Font Info:    Checking defaults for C35/song/m/n on input line 38.
LaTeX Font Info:    ... okay on input line 38.
LaTeX Font Info:    Checking defaults for C36/song/m/n on input line 38.
LaTeX Font Info:    ... okay on input line 38.
LaTeX Font Info:    Checking defaults for C37/song/m/n on input line 38.
LaTeX Font Info:    ... okay on input line 38.
LaTeX Font Info:    Checking defaults for C80/song/m/n on input line 38.
LaTeX Font Info:    ... okay on input line 38.
LaTeX Font Info:    Checking defaults for C81/song/m/n on input line 38.
LaTeX Font Info:    ... okay on input line 38.
LaTeX Font Info:    Checking defaults for C01/song/m/n on input line 38.
LaTeX Font Info:    ... okay on input line 38.
LaTeX Font Info:    Checking defaults for C11/song/m/n on input line 38.
LaTeX Font Info:    ... okay on input line 38.
LaTeX Font Info:    Checking defaults for C21/song/m/n on input line 38.
LaTeX Font Info:    ... okay on input line 38.
LaTeX Font Info:    Checking defaults for C41/song/m/n on input line 38.
LaTeX Font Info:    ... okay on input line 38.
LaTeX Font Info:    Checking defaults for C62/song/m/n on input line 38.
LaTeX Font Info:    ... okay on input line 38.

*geometry* driver: auto-detecting
*geometry* detected driver: pdftex
*geometry* verbose mode - [ preamble ] result:
* driver: pdftex
* paper: a4paper
* layout: <same size as paper>
* layoutoffset:(h,v)=(0.0pt,0.0pt)
* modes: 
* h-part:(L,W,R)=(71.13188pt, 455.24411pt, 71.13188pt)
* v-part:(T,H,B)=(71.13188pt, 702.78308pt, 71.13188pt)
* \paperwidth=597.50787pt
* \paperheight=845.04684pt
* \textwidth=455.24411pt
* \textheight=702.78308pt
* \oddsidemargin=-1.1381pt
* \evensidemargin=-1.1381pt
* \topmargin=-38.1381pt
* \headheight=12.0pt
* \headsep=25.0pt
* \topskip=12.0pt
* \footskip=30.0pt
* \marginparwidth=35.0pt
* \marginparsep=10.0pt
* \columnsep=10.0pt
* \skip\footins=10.8pt plus 4.0pt minus 2.0pt
* \hoffset=0.0pt
* \voffset=0.0pt
* \mag=1000
* \@twocolumnfalse
* \@twosidefalse
* \@mparswitchfalse
* \@reversemarginfalse
* (1in=72.27pt=25.4mm, 1cm=28.453pt)

(/usr/share/texlive/texmf-dist/tex/latex/epstopdf-pkg/epstopdf-base.sty
Package: epstopdf-base 2020-01-24 v2.11 Base part for package epstopdf
Package epstopdf-base Info: Redefining graphics rule for `.eps' on input line 4
85.

(/usr/share/texlive/texmf-dist/tex/latex/latexconfig/epstopdf-sys.cfg
File: epstopdf-sys.cfg 2010/07/13 v1.3 Configuration of (r)epstopdf for TeX Liv
e
))
Package hyperref Info: Link coloring OFF on input line 38.

(/usr/share/texlive/texmf-dist/tex/latex/hyperref/nameref.sty
Package: nameref 2021-04-02 v2.47 Cross-referencing by name of section

(/usr/share/texlive/texmf-dist/tex/latex/refcount/refcount.sty
Package: refcount 2019/12/15 v3.6 Data extraction from label references (HO)
)
(/usr/share/texlive/texmf-dist/tex/generic/gettitlestring/gettitlestring.sty
Package: gettitlestring 2019/12/15 v1.6 Cleanup title references (HO)
)
\c@section@level=\count289
)
LaTeX Info: Redefining \ref on input line 38.
LaTeX Info: Redefining \pageref on input line 38.
LaTeX Info: Redefining \nameref on input line 38.

(./main.out) (./main.out)
\@outlinefile=\write3
\openout3 = `main.out'.

Package caption Info: Begin \AtBeginDocument code.
Package caption Info: float package is loaded.
Package caption Info: End \AtBeginDocument code.

(/usr/share/texlive/texmf-dist/tex/latex/cjk/texinput/UTF8/UTF8.bdg
File: UTF8.bdg 2015/04/18 4.8.4
)
(/usr/share/texlive/texmf-dist/tex/latex/cjk/texinput/UTF8/UTF8.enc
File: UTF8.enc 2015/04/18 4.8.4
)
(/usr/share/texlive/texmf-dist/tex/latex/cjk/texinput/UTF8/UTF8.chr
File: UTF8.chr 2015/04/18 4.8.4
)
! Undefined control sequence.
\@title ->\heiti 
                 AIÊó∂‰ª£Ê†ºÊñóÂÖ∑Ë∫´Êô∫ËÉΩÁöÑÂª∫Ê®°‰∏éÁ≠ñÁï•‰ºòÂåñ
l.41 \thispagestyle
                   {empty}
The control sequence at the end of the top line
of your error message was never \def'ed. If you have
misspelled it (e.g., `\hobx'), type `I' and the correct
spelling (e.g., `I\hbox'). Otherwise just continue,
and I'll forget about whatever was undefined.

LaTeX Font Info:    Trying to load font information for C70+gbsn on input line 
41.
(/usr/share/texlive/texmf-dist/tex/latex/cjk/texinput/UTF8/c70gbsn.fd
File: c70gbsn.fd 2015/04/18 4.8.4
)
(/usr/share/texlive/texmf-dist/tex/latex/cjk/texinput/UTF8/c70gbsn.fdx
File: c70gbsn.fdx 2015/04/18 4.8.4
)
LaTeX Font Info:    Trying to load font information for U+msa on input line 41.


(/usr/share/texlive/texmf-dist/tex/latex/amsfonts/umsa.fd
File: umsa.fd 2013/01/14 v3.01 AMS symbols A
)
LaTeX Font Info:    Trying to load font information for U+msb on input line 41.


(/usr/share/texlive/texmf-dist/tex/latex/amsfonts/umsb.fd
File: umsb.fd 2013/01/14 v3.01 AMS symbols B
) [1

{/usr/share/texlive/texmf-dist/fonts/map/pdftex/updmap/pdftex.map}] [2]pdfTeX w
arning (ext4): destination with the same identifier (name{page.1}) has been alr
eady used, duplicate ignored
<to be read again> 
                   \relax 
l.92 
      [1

]pdfTeX warning (ext4): destination with the same identifier (name{page.2}) has
 been already used, duplicate ignored
<to be read again> 
                   \relax 
l.130 
       [2] [3]
Overfull \hbox (178.19304pt too wide) in paragraph at lines 194--214
 [][] 
 []

[4] [5]

Package hyperref Warning: Token not allowed in a PDF string (Unicode):
(hyperref)                removing `math shift' on input line 294.


Package hyperref Warning: Token not allowed in a PDF string (Unicode):
(hyperref)                removing `subscript' on input line 294.


Package hyperref Warning: Token not allowed in a PDF string (Unicode):
(hyperref)                removing `math shift' on input line 294.


Overfull \hbox (9.8275pt too wide) detected at line 303
[][][]
 []

[6]
Overfull \hbox (27.0589pt too wide) detected at line 311
[]\OML/cmm/m/it/12 P[] \OT1/cmr/m/n/12 = [] []
 []


Package hyperref Warning: Token not allowed in a PDF string (Unicode):
(hyperref)                removing `math shift' on input line 318.


Package hyperref Warning: Token not allowed in a PDF string (Unicode):
(hyperref)                removing `subscript' on input line 318.


Package hyperref Warning: Token not allowed in a PDF string (Unicode):
(hyperref)                removing `math shift' on input line 318.

[7]
Overfull \hbox (31.39848pt too wide) detected at line 377
[][] \OT1/cmr/m/n/12 = \OML/cmm/m/it/12 U[] \OMS/cmsy/m/n/12 ^^@ \OT1/cmr/m/n/1
2 0\OML/cmm/m/it/12 :\OT1/cmr/m/n/12 10 \OMS/cmsy/m/n/12 ^^B [] ^^@ \OT1/cmr/m/
n/12 0\OML/cmm/m/it/12 :\OT1/cmr/m/n/12 06 \OMS/cmsy/m/n/12 ^^B [] [] ^^@ \OT1/
cmr/m/n/12 0\OML/cmm/m/it/12 :\OT1/cmr/m/n/12 08 \OMS/cmsy/m/n/12 ^^B [] \OT1/c
mr/m/n/12 + 0\OML/cmm/m/it/12 :\OT1/cmr/m/n/12 025 [](\OML/cmm/m/it/12 i \OT1/c
mr/m/n/12 + 1\OML/cmm/m/it/12 :\OT1/cmr/m/n/12 7\OML/cmm/m/it/12 j\OT1/cmr/m/n/
12 )
 []

[8]
Overfull \hbox (8.63234pt too wide) in paragraph at lines 395--396
[]\C70/gbsn/bx/n/12/65 ;[][] \C70/gbsn/bx/n/12/51 ˚[][] \C70/gbsn/bx/n/12/65 π[
][] \C70/gbsn/bx/n/12/67 ^^@[][] \C70/gbsn/bx/n/12/4f ^^X[][] \C70/gbsn/bx/n/12
/6d ˜[][] \C70/gbsn/bx/n/12/54 ^^H[][] \C70/gbsn/bx/n/12/69 Ç[][] \C70/gbsn/bx/
n/12/73 á[][] \C70/gbsn/bx/n/12/ff ^^Z[][] \C70/gbsn/bx/n/12/4e ; \C70/gbsn/bx/
n/12/89 Å \C70/gbsn/bx/n/12/96 ∆ \C70/gbsn/bx/n/12/4e - é\OT1/cmr/m/n/12 "\C70/
gbsn/bx/n/12/81 ù \C70/gbsn/bx/n/12/64 û\OT1/cmr/m/n/12 "\C70/gbsn/bx/n/12/ff ^
^H \C70/gbsn/bx/n/12/69 Ç \C70/gbsn/bx/n/12/73 á\OT1/cmr/m/n/12 0.797\C70/gbsn/
bx/n/12/ff 	 \C70/gbsn/bx/n/12/30 ^^A\OT1/cmr/m/n/12 "\C70/gbsn/bx/n/12/56 ﬁ \C
70/gbsn/bx/n/12/65 À\OT1/cmr/m/n/12 /\C70/gbsn/bx/n/12/8f l \C70/gbsn/bx/n/12/8
e ´ "\OT1/cmr/m/n/12 "\C70/gbsn/bx/n/12/ff ^^H\OT1/cmr/m/n/12 0.203\C70/gbsn/bx
/n/12/ff 	
 []

[9]

Package hyperref Warning: Token not allowed in a PDF string (Unicode):
(hyperref)                removing `math shift' on input line 408.


Package hyperref Warning: Token not allowed in a PDF string (Unicode):
(hyperref)                removing `math shift' on input line 408.


Package hyperref Warning: Token not allowed in a PDF string (Unicode):
(hyperref)                removing `math shift' on input line 422.


Package hyperref Warning: Token not allowed in a PDF string (Unicode):
(hyperref)                removing `math shift' on input line 422.

[10] [11]
Overfull \hbox (295.71973pt too wide) in paragraph at lines 477--488
 [][] 
 []


Overfull \hbox (82.81474pt too wide) in paragraph at lines 503--513
 [][] 
 []

[12]
Overfull \hbox (22.74171pt too wide) in paragraph at lines 531--540
 [][] 
 []

[13]
Overfull \hbox (11.2887pt too wide) in paragraph at lines 554--555
\C70/gbsn/bx/n/12/62 ^^Q \C70/gbsn/bx/n/12/4e Ï \C70/gbsn/bx/n/12/5c ^^F\OT1/cm
r/m/n/12 BO3\C70/gbsn/bx/n/12/51 h \C70/gbsn/bx/n/12/5c @ \C70/gbsn/bx/n/12/72 
∂ \C70/gbsn/bx/n/12/60 ^^A \C70/gbsn/bx/n/12/5b ö \C70/gbsn/bx/n/12/4e I : \C70
/gbsn/bx/n/12/53 A \C70/gbsn/bx/n/12/7e Ù \C70/gbsn/bx/n/12/54 ^^Q \C70/gbsn/bx
/n/12/91 œ$\OML/cmm/m/it/12 S[] \OT1/cmr/m/n/12 = (\OML/cmm/m/it/12 W; L; H; D;
 B; R[]; P[]; M[]; S[]; B[]\OT1/cmr/m/n/12 )$\C70/gbsn/bx/n/12/ff ^^Z 
 []


Overfull \hbox (2.98634pt too wide) in paragraph at lines 574--575
[]\C70/gbsn/bx/n/12/7d '[][] \C70/gbsn/bx/n/12/60 %[][] \C70/gbsn/bx/n/12/65 E[
][] \C70/gbsn/bx/n/12/96 ú[][] \C70/gbsn/bx/n/12/7e Ù[][] \C70/gbsn/bx/n/12/4f 
Ó[][] \C70/gbsn/bx/n/12/ff ^^H\OT1/cmtt/m/n/12 use[]repair\C70/gbsn/bx/n/12/ff 
	 ^^Z \C70/gbsn/bx/n/12/57 (\OT1/cmr/m/n/12 300\C70/gbsn/bx/n/12/79 “ \C70/gbsn
/bx/n/12/65 ˆ \C70/gbsn/bx/n/12/96 P \C70/gbsn/bx/n/12/51 Ö \C70/gbsn/bx/n/12/8
f € \C70/gbsn/bx/n/12/88 L \C70/gbsn/m/n/12/78 l \C70/gbsn/bx/n/12/4e ˆ \C70/gb
sn/bx/n/12/62 ¢ \C70/gbsn/bx/n/12/4f Ó \C70/gbsn/bx/n/12/30 ^^B \C70/gbsn/bx/n/
12/82 Â \C70/gbsn/bx/n/12/63 _ \C70/gbsn/bx/n/12/4f $ \C70/gbsn/bx/n/12/4e :\OT
1/cmtt/m/n/12 severe\C70/gbsn/bx/n/12/ff ^^L
 []

[14] [15]
Underfull \hbox (badness 10000) in paragraph at lines 633--633
[]|\OT1/cmr/m/n/10.95 (\C70/gbsn/m/n/10.95/59 ^^M \C70/gbsn/m/n/10.95/4f M\OT1/
cmr/m/n/10.95 ,\C70/gbsn/m/n/10.95/66 Ç
 []


Underfull \hbox (badness 10000) in paragraph at lines 633--633
\C70/gbsn/m/n/10.95/50 \\OT1/cmr/m/n/10.95 ,\C70/gbsn/m/n/10.95/7e Ù \C70/gbsn/
m/n/10.95/4f Ó\OT1/cmr/m/n/10.95 ,\C70/gbsn/m/n/10.95/59 ^^G
 []


Overfull \hbox (2.79897pt too wide) in paragraph at lines 635--635
[]|\OT1/cmr/m/n/10.95 balanced[]round| 
 []


Underfull \hbox (badness 10000) in paragraph at lines 636--636
[]|\OT1/cmtt/m/n/10.95 medium\C70/gbsn/m/n/10.95/88 @ \C70/gbsn/m/n/10.95/91 œ\
OT1/cmr/m/n/10.95 ,
 []


Underfull \hbox (badness 10000) in paragraph at lines 636--636
\OT1/cmtt/m/n/10.95 light\C70/gbsn/m/n/10.95/63 _ \C70/gbsn/m/n/10.95/4f $\OT1/
cmr/m/n/10.95 ,
 []


Underfull \hbox (badness 10000) in paragraph at lines 637--637
[]|\OT1/cmtt/m/n/10.95 medium\C70/gbsn/m/n/10.95/88 @ \C70/gbsn/m/n/10.95/91 œ\
OT1/cmr/m/n/10.95 ,
 []


Underfull \hbox (badness 10000) in paragraph at lines 637--637
\OT1/cmtt/m/n/10.95 light\C70/gbsn/m/n/10.95/63 _ \C70/gbsn/m/n/10.95/4f $\OT1/
cmr/m/n/10.95 ,
 []


Underfull \hbox (badness 10000) in paragraph at lines 638--638
[]|\OT1/cmtt/m/n/10.95 low\C70/gbsn/m/n/10.95/88 @ \C70/gbsn/m/n/10.95/91 œ\OT1
/cmr/m/n/10.95 ,
 []


Underfull \hbox (badness 10000) in paragraph at lines 638--638
\OT1/cmtt/m/n/10.95 severe\C70/gbsn/m/n/10.95/63 _ \C70/gbsn/m/n/10.95/4f $\OT1
/cmr/m/n/10.95 ,
 []


Overfull \hbox (17.84305pt too wide) in paragraph at lines 638--638
[]|\OT1/cmr/m/n/10.95 switch[]spare[]robot| 
 []


Underfull \hbox (badness 10000) in paragraph at lines 639--639
[]|\OT1/cmtt/m/n/10.95 low\C70/gbsn/m/n/10.95/88 @ \C70/gbsn/m/n/10.95/91 œ\OT1
/cmr/m/n/10.95 ,
 []


Underfull \hbox (badness 10000) in paragraph at lines 639--639
\OT1/cmtt/m/n/10.95 severe\C70/gbsn/m/n/10.95/63 _ \C70/gbsn/m/n/10.95/4f $\OT1
/cmr/m/n/10.95 ,
 []


Underfull \hbox (badness 10000) in paragraph at lines 640--640
[]|\OT1/cmtt/m/n/10.95 medium\C70/gbsn/m/n/10.95/88 @ \C70/gbsn/m/n/10.95/91 œ\
OT1/cmr/m/n/10.95 ,
 []


Underfull \hbox (badness 10000) in paragraph at lines 640--640
\OT1/cmtt/m/n/10.95 light\C70/gbsn/m/n/10.95/63 _ \C70/gbsn/m/n/10.95/4f $\OT1/
cmr/m/n/10.95 ,
 []


Underfull \hbox (badness 10000) in paragraph at lines 641--641
[]|\OT1/cmtt/m/n/10.95 medium\C70/gbsn/m/n/10.95/88 @ \C70/gbsn/m/n/10.95/91 œ\
OT1/cmr/m/n/10.95 ,
 []


Underfull \hbox (badness 10000) in paragraph at lines 641--641
\OT1/cmtt/m/n/10.95 light\C70/gbsn/m/n/10.95/63 _ \C70/gbsn/m/n/10.95/4f $\OT1/
cmr/m/n/10.95 ,
 []


Overfull \hbox (8.42604pt too wide) in paragraph at lines 641--641
[]|\OT1/cmr/m/n/10.95 aggressive[]round| 
 []


Overfull \hbox (73.12082pt too wide) in paragraph at lines 630--644
 [][] 
 []

[16]
Overfull \vbox (117.4845pt too high) has occurred while \output is active []


[17] [18] [19] [20] (./main.aux)
Package rerunfilecheck Info: File `main.out' has not changed.
(rerunfilecheck)             Checksum: 4001A0F47986BFB01435629F024F4A79;7665.
 ) 
Here is how much of TeX's memory you used:
 14787 strings out of 481008
 216887 string characters out of 5909439
 512641 words of memory out of 5000000
 31179 multiletter control sequences out of 15000+600000
 500691 words of font info for 377 fonts, out of 8000000 for 9000
 14 hyphenation exceptions out of 8191
 71i,15n,74p,701b,1649s stack positions out of 5000i,500n,10000p,200000b,80000s
{/usr/share/texlive/texmf-dist/fonts/enc/dvips/cm-super/cm-super-ts1.enc}</us
r/share/texlive/texmf-dist/fonts/type1/public/amsfonts/cm/cmbx10.pfb></usr/shar
e/texlive/texmf-dist/fonts/type1/public/amsfonts/cm/cmbx12.pfb></usr/share/texl
ive/texmf-dist/fonts/type1/public/amsfonts/cm/cmbx8.pfb></usr/share/texlive/tex
mf-dist/fonts/type1/public/amsfonts/cm/cmex10.pfb></usr/share/texlive/texmf-dis
t/fonts/type1/public/amsfonts/cm/cmmi10.pfb></usr/share/texlive/texmf-dist/font
s/type1/public/amsfonts/cm/cmmi12.pfb></usr/share/texlive/texmf-dist/fonts/type
1/public/amsfonts/cm/cmmi6.pfb></usr/share/texlive/texmf-dist/fonts/type1/publi
c/amsfonts/cm/cmmi8.pfb></usr/share/texlive/texmf-dist/fonts/type1/public/amsfo
nts/cm/cmmib10.pfb></usr/share/texlive/texmf-dist/fonts/type1/public/amsfonts/c
m/cmr10.pfb></usr/share/texlive/texmf-dist/fonts/type1/public/amsfonts/cm/cmr12
.pfb></usr/share/texlive/texmf-dist/fonts/type1/public/amsfonts/cm/cmr17.pfb></
usr/share/texlive/texmf-dist/fonts/type1/public/amsfonts/cm/cmr6.pfb></usr/shar
e/texlive/texmf-dist/fonts/type1/public/amsfonts/cm/cmr8.pfb></usr/share/texliv
e/texmf-dist/fonts/type1/public/amsfonts/cm/cmsy10.pfb></usr/share/texlive/texm
f-dist/fonts/type1/public/amsfonts/cm/cmsy6.pfb></usr/share/texlive/texmf-dist/
fonts/type1/public/amsfonts/cm/cmsy8.pfb></usr/share/texlive/texmf-dist/fonts/t
ype1/public/amsfonts/cm/cmtt10.pfb></usr/share/texlive/texmf-dist/fonts/type1/p
ublic/amsfonts/cm/cmtt12.pfb></usr/share/texlive/texmf-dist/fonts/type1/arphic/
gbsnu/gbsnu30.pfb></usr/share/texlive/texmf-dist/fonts/type1/arphic/gbsnu/gbsnu
4e.pfb></usr/share/texlive/texmf-dist/fonts/type1/arphic/gbsnu/gbsnu4f.pfb></us
r/share/texlive/texmf-dist/fonts/type1/arphic/gbsnu/gbsnu50.pfb></usr/share/tex
live/texmf-dist/fonts/type1/arphic/gbsnu/gbsnu51.pfb></usr/share/texlive/texmf-
dist/fonts/type1/arphic/gbsnu/gbsnu52.pfb></usr/share/texlive/texmf-dist/fonts/
type1/arphic/gbsnu/gbsnu53.pfb></usr/share/texlive/texmf-dist/fonts/type1/arphi
c/gbsnu/gbsnu54.pfb></usr/share/texlive/texmf-dist/fonts/type1/arphic/gbsnu/gbs
nu55.pfb></usr/share/texlive/texmf-dist/fonts/type1/arphic/gbsnu/gbsnu56.pfb></
usr/share/texlive/texmf-dist/fonts/type1/arphic/gbsnu/gbsnu57.pfb></usr/share/t
exlive/texmf-dist/fonts/type1/arphic/gbsnu/gbsnu58.pfb></usr/share/texlive/texm
f-dist/fonts/type1/arphic/gbsnu/gbsnu59.pfb></usr/share/texlive/texmf-dist/font
s/type1/arphic/gbsnu/gbsnu5a.pfb></usr/share/texlive/texmf-dist/fonts/type1/arp
hic/gbsnu/gbsnu5b.pfb></usr/share/texlive/texmf-dist/fonts/type1/arphic/gbsnu/g
bsnu5c.pfb></usr/share/texlive/texmf-dist/fonts/type1/arphic/gbsnu/gbsnu5d.pfb>
</usr/share/texlive/texmf-dist/fonts/type1/arphic/gbsnu/gbsnu5e.pfb></usr/share
/texlive/texmf-dist/fonts/type1/arphic/gbsnu/gbsnu5f.pfb></usr/share/texlive/te
xmf-dist/fonts/type1/arphic/gbsnu/gbsnu60.pfb></usr/share/texlive/texmf-dist/fo
nts/type1/arphic/gbsnu/gbsnu61.pfb></usr/share/texlive/texmf-dist/fonts/type1/a
rphic/gbsnu/gbsnu62.pfb></usr/share/texlive/texmf-dist/fonts/type1/arphic/gbsnu
/gbsnu63.pfb></usr/share/texlive/texmf-dist/fonts/type1/arphic/gbsnu/gbsnu64.pf
b></usr/share/texlive/texmf-dist/fonts/type1/arphic/gbsnu/gbsnu65.pfb></usr/sha
re/texlive/texmf-dist/fonts/type1/arphic/gbsnu/gbsnu66.pfb></usr/share/texlive/
texmf-dist/fonts/type1/arphic/gbsnu/gbsnu67.pfb></usr/share/texlive/texmf-dist/
fonts/type1/arphic/gbsnu/gbsnu68.pfb></usr/share/texlive/texmf-dist/fonts/type1
/arphic/gbsnu/gbsnu69.pfb></usr/share/texlive/texmf-dist/fonts/type1/arphic/gbs
nu/gbsnu6a.pfb></usr/share/texlive/texmf-dist/fonts/type1/arphic/gbsnu/gbsnu6b.
pfb></usr/share/texlive/texmf-dist/fonts/type1/arphic/gbsnu/gbsnu6c.pfb></usr/s
hare/texlive/texmf-dist/fonts/type1/arphic/gbsnu/gbsnu6d.pfb></usr/share/texliv
e/texmf-dist/fonts/type1/arphic/gbsnu/gbsnu6e.pfb></usr/share/texlive/texmf-dis
t/fonts/type1/arphic/gbsnu/gbsnu6f.pfb></usr/share/texlive/texmf-dist/fonts/typ
e1/arphic/gbsnu/gbsnu70.pfb></usr/share/texlive/texmf-dist/fonts/type1/arphic/g
bsnu/gbsnu71.pfb></usr/share/texlive/texmf-dist/fonts/type1/arphic/gbsnu/gbsnu7
2.pfb></usr/share/texlive/texmf-dist/fonts/type1/arphic/gbsnu/gbsnu73.pfb></usr
/share/texlive/texmf-dist/fonts/type1/arphic/gbsnu/gbsnu74.pfb></usr/share/texl
ive/texmf-dist/fonts/type1/arphic/gbsnu/gbsnu75.pfb></usr/share/texlive/texmf-d
ist/fonts/type1/arphic/gbsnu/gbsnu76.pfb></usr/share/texlive/texmf-dist/fonts/t
ype1/arphic/gbsnu/gbsnu77.pfb></usr/share/texlive/texmf-dist/fonts/type1/arphic
/gbsnu/gbsnu78.pfb></usr/share/texlive/texmf-dist/fonts/type1/arphic/gbsnu/gbsn
u79.pfb></usr/share/texlive/texmf-dist/fonts/type1/arphic/gbsnu/gbsnu7a.pfb></u
sr/share/texlive/texmf-dist/fonts/type1/arphic/gbsnu/gbsnu7b.pfb></usr/share/te
xlive/texmf-dist/fonts/type1/arphic/gbsnu/gbsnu7c.pfb></usr/share/texlive/texmf
-dist/fonts/type1/arphic/gbsnu/gbsnu7d.pfb></usr/share/texlive/texmf-dist/fonts
/type1/arphic/gbsnu/gbsnu7e.pfb></usr/share/texlive/texmf-dist/fonts/type1/arph
ic/gbsnu/gbsnu7f.pfb></usr/share/texlive/texmf-dist/fonts/type1/arphic/gbsnu/gb
snu80.pfb></usr/share/texlive/texmf-dist/fonts/type1/arphic/gbsnu/gbsnu81.pfb><
/usr/share/texlive/texmf-dist/fonts/type1/arphic/gbsnu/gbsnu82.pfb></usr/share/
texlive/texmf-dist/fonts/type1/arphic/gbsnu/gbsnu83.pfb></usr/share/texlive/tex
mf-dist/fonts/type1/arphic/gbsnu/gbsnu84.pfb></usr/share/texlive/texmf-dist/fon
ts/type1/arphic/gbsnu/gbsnu86.pfb></usr/share/texlive/texmf-dist/fonts/type1/ar
phic/gbsnu/gbsnu87.pfb></usr/share/texlive/texmf-dist/fonts/type1/arphic/gbsnu/
gbsnu88.pfb></usr/share/texlive/texmf-dist/fonts/type1/arphic/gbsnu/gbsnu89.pfb
></usr/share/texlive/texmf-dist/fonts/type1/arphic/gbsnu/gbsnu8b.pfb></usr/shar
e/texlive/texmf-dist/fonts/type1/arphic/gbsnu/gbsnu8c.pfb></usr/share/texlive/t
exmf-dist/fonts/type1/arphic/gbsnu/gbsnu8d.pfb></usr/share/texlive/texmf-dist/f
onts/type1/arphic/gbsnu/gbsnu8e.pfb></usr/share/texlive/texmf-dist/fonts/type1/
arphic/gbsnu/gbsnu8f.pfb></usr/share/texlive/texmf-dist/fonts/type1/arphic/gbsn
u/gbsnu90.pfb></usr/share/texlive/texmf-dist/fonts/type1/arphic/gbsnu/gbsnu91.p
fb></usr/share/texlive/texmf-dist/fonts/type1/arphic/gbsnu/gbsnu94.pfb></usr/sh
are/texlive/texmf-dist/fonts/type1/arphic/gbsnu/gbsnu95.pfb></usr/share/texlive
/texmf-dist/fonts/type1/arphic/gbsnu/gbsnu96.pfb></usr/share/texlive/texmf-dist
/fonts/type1/arphic/gbsnu/gbsnu97.pfb></usr/share/texlive/texmf-dist/fonts/type
1/arphic/gbsnu/gbsnu98.pfb></usr/share/texlive/texmf-dist/fonts/type1/arphic/gb
snu/gbsnu99.pfb></usr/share/texlive/texmf-dist/fonts/type1/arphic/gbsnu/gbsnu9a
.pfb></usr/share/texlive/texmf-dist/fonts/type1/arphic/gbsnu/gbsnu9e.pfb></usr/
share/texlive/texmf-dist/fonts/type1/arphic/gbsnu/gbsnuff.pfb></usr/share/texli
ve/texmf-dist/fonts/type1/public/cm-super/sfrm1200.pfb>
Output written on main.pdf (22 pages, 854812 bytes).
PDF statistics:
 860 PDF objects out of 1000 (max. 8388607)
 657 compressed objects within 7 object streams
 134 named destinations out of 1000 (max. 500000)
 689 words of extra memory for PDF output out of 10000 (max. 10000000)

