\BOOKMARK [1][-]{section.1}{\376\377\225\356\230\230\200\314\146\157\116\016\145\207\163\056\176\374\217\360}{}% 1
\BOOKMARK [2][-]{subsection.1.1}{\376\377\225\356\230\230\200\314\146\157}{section.1}% 2
\BOOKMARK [2][-]{subsection.1.2}{\376\377\213\272\145\207\135\345\117\134\116\016\122\033\145\260\160\271}{section.1}% 3
\BOOKMARK [1][-]{section.2}{\376\377\225\356\230\230\0001\377\032\145\073\121\373\122\250\117\134\131\032\134\136\140\047\122\250\122\233\133\146\213\304\117\060\116\016\000P\000a\000r\000e\000t\000o\173\133\220\011}{}% 4
\BOOKMARK [2][-]{subsection.2.1}{\376\377\122\250\122\233\133\146\136\372\152\041\116\016\123\302\145\160\143\250\133\374}{section.2}% 5
\BOOKMARK [3][-]{subsubsection.2.1.1}{\376\377\215\050\221\317\123\302\116\016\163\207\116\016\147\011\145\110\121\373\142\123\215\050\221\317}{subsection.2.1}% 6
\BOOKMARK [3][-]{subsubsection.2.1.2}{\376\377\147\100\117\044\122\233\143\007\150\007\377\032\121\373\142\123\122\250\200\375\116\016\121\262\221\317}{subsection.2.1}% 7
\BOOKMARK [3][-]{subsubsection.2.1.3}{\376\377\147\072\117\123\172\063\133\232\140\047\116\016\131\061\172\063\120\022\127\060\230\316\226\151}{subsection.2.1}% 8
\BOOKMARK [2][-]{subsection.2.2}{\376\377\176\374\124\010\145\073\121\373\137\227\122\006\152\041\127\213}{section.2}% 9
\BOOKMARK [2][-]{subsection.2.3}{\376\377\000P\000a\000r\000e\000t\000o\227\136\145\057\221\115\122\115\154\277\173\133\220\011\116\016\143\222\136\217}{section.2}% 10
\BOOKMARK [2][-]{subsection.2.4}{\376\377\176\323\147\234\122\006\147\220\116\016\133\236\142\030\137\072\137\061\143\222\136\217}{section.2}% 11
\BOOKMARK [1][-]{section.3}{\376\377\225\356\230\230\0002\377\032\127\372\116\216\166\356\150\007\226\062\142\244\122\126\227\142\166\204\145\073\226\062\147\000\117\030\123\071\221\115\121\263\173\126\152\041\127\213}{}% 12
\BOOKMARK [2][-]{subsection.3.1}{\376\377\145\073\226\062\123\071\221\115\166\204\145\066\166\312\221\317\123\026\147\072\122\066}{section.3}% 13
\BOOKMARK [3][-]{subsubsection.3.1.1}{\376\377\166\356\150\007\123\072\127\337\226\062\142\244\122\126\227\142\377\010\000T\000a\000r\000g\000e\000t\000-\000Z\000o\000n\000e\000\040\000P\000r\000o\000f\000i\000l\000e\377\011}{subsection.3.1}% 14
\BOOKMARK [3][-]{subsubsection.3.1.2}{\376\377\172\172\225\364\215\335\171\273\116\015\123\071\221\115\140\351\177\132}{subsection.3.1}% 15
\BOOKMARK [3][-]{subsubsection.3.1.3}{\376\377\122\250\117\134\174\173\127\213\123\071\221\115\122\240\142\020}{subsection.3.1}% 16
\BOOKMARK [2][-]{subsection.3.2}{\376\377\145\073\226\062\123\314\145\271\145\110\165\050\121\375\145\160\213\276\213\241}{section.3}% 17
\BOOKMARK [3][-]{subsubsection.3.2.1}{\376\377\226\062\133\210\145\271\145\110\165\050\121\375\145\160\000U\000d\000e\000f\000e\000n\000s\000e}{subsection.3.2}% 18
\BOOKMARK [3][-]{subsubsection.3.2.2}{\376\377\145\073\121\373\145\271\145\110\165\050\121\375\145\160\000U\000a\000t\000t\000a\000c\000k}{subsection.3.2}% 19
\BOOKMARK [2][-]{subsection.3.3}{\376\377\147\000\117\030\226\062\133\210\121\263\173\126\123\071\221\115\176\323\147\234}{section.3}% 20
\BOOKMARK [2][-]{subsection.3.4}{\376\377\145\073\226\062\227\131\140\001\123\132\137\010\122\006\147\220\377\032\000M\000i\000n\000i\000m\000a\000x\116\016\000N\000a\000s\000h\127\107\210\141\232\214\213\301}{section.3}% 21
\BOOKMARK [3][-]{subsubsection.3.4.1}{\376\377\000M\000i\000n\000i\000m\000a\000x\172\063\120\145\226\062\133\210\173\126\165\145}{subsection.3.4}% 22
\BOOKMARK [3][-]{subsubsection.3.4.2}{\376\377\000N\000a\000s\000h\155\367\124\010\173\126\165\145\127\107\210\141\154\102\211\343}{subsection.3.4}% 23
\BOOKMARK [1][-]{section.4}{\376\377\225\356\230\230\0003\377\032\123\125\127\072\123\125\116\272\172\336\142\200\121\150\172\013\145\073\226\062\173\126\165\145\117\030\123\026\000M\000D\000P\152\041\127\213}{}% 24
\BOOKMARK [2][-]{subsection.4.1}{\376\377\162\266\140\001\172\172\225\364\116\016\122\250\117\134\172\172\225\364\213\276\213\241}{section.4}% 25
\BOOKMARK [3][-]{subsubsection.4.1.1}{\376\377\162\266\140\001\172\172\225\364\000S}{subsection.4.1}% 26
\BOOKMARK [3][-]{subsubsection.4.1.2}{\376\377\122\250\117\134\172\172\225\364\000A}{subsection.4.1}% 27
\BOOKMARK [2][-]{subsection.4.2}{\376\377\151\202\163\207\217\154\171\373\116\016\131\126\122\261\121\375\145\160\136\372\152\041}{section.4}% 28
\BOOKMARK [3][-]{subsubsection.4.2.1}{\376\377\122\250\117\134\116\213\116\366\151\202\163\207\213\241\173\227}{subsection.4.2}% 29
\BOOKMARK [3][-]{subsubsection.4.2.2}{\376\377\217\154\171\373\211\304\137\213\116\016\131\126\122\261\147\072\122\066}{subsection.4.2}% 30
\BOOKMARK [2][-]{subsection.4.3}{\376\377\116\367\120\074\217\355\116\343\154\102\211\343}{section.4}% 31
\BOOKMARK [2][-]{subsection.4.4}{\376\377\204\231\162\171\123\141\155\033\116\377\167\037\232\214\213\301\116\016\200\334\163\207\122\006\147\220}{section.4}% 32
\BOOKMARK [3][-]{subsubsection.4.4.1}{\376\377\200\334\163\207\133\371\153\324}{subsection.4.4}% 33
\BOOKMARK [3][-]{subsubsection.4.4.2}{\376\377\133\236\142\030\116\213\116\366\176\337\213\241}{subsection.4.4}% 34
\BOOKMARK [1][-]{section.5}{\376\377\225\356\230\230\0004\377\032\000B\000O\0003\155\330\154\160\215\133\121\150\134\100\117\134\142\030\215\104\156\220\214\003\136\246\122\250\140\001\211\304\122\022\152\041\127\213}{}% 35
\BOOKMARK [2][-]{subsection.5.1}{\376\377\215\104\156\220\214\003\136\246\166\204\162\266\140\001\172\172\225\364\116\016\162\266\140\001\217\154\171\373\211\304\137\213}{section.5}% 36
\BOOKMARK [3][-]{subsubsection.5.1.1}{\376\377\162\266\140\001\124\021\221\317\213\276\213\241}{subsection.5.1}% 37
\BOOKMARK [3][-]{subsubsection.5.1.2}{\376\377\215\104\156\220\122\250\117\134\166\204\162\151\164\006\117\356\131\015\117\134\165\050}{subsection.5.1}% 38
\BOOKMARK [2][-]{subsection.5.2}{\376\377\162\266\140\001\217\154\171\373\116\016\123\125\134\100\200\334\163\207\117\356\153\143}{section.5}% 39
\BOOKMARK [2][-]{subsection.5.3}{\376\377\215\104\156\220\214\003\136\246\166\204\147\072\117\032\142\020\147\054}{section.5}% 40
\BOOKMARK [2][-]{subsection.5.4}{\376\377\122\250\140\001\211\304\122\022\154\102\211\343\116\016\147\000\117\030\173\126\165\145\122\006\147\220}{section.5}% 41
\BOOKMARK [2][-]{subsection.5.5}{\376\377\215\104\156\220\214\003\136\246\145\117\141\037\140\047\122\006\147\220}{section.5}% 42
\BOOKMARK [1][-]{section.6}{\376\377\225\356\230\230\0005\377\032\116\272\137\142\147\072\126\150\116\272\116\016\121\167\216\253\146\172\200\375\116\247\116\032\123\321\134\125\136\372\213\256\116\146}{}% 43
\BOOKMARK [2][-]{subsection.6.1}{\376\377\145\073\121\113\000"\217\157\170\154\123\117\124\014\000"\122\250\122\233\133\146\164\366\230\210\377\014\143\320\123\107\147\072\117\123\232\330\122\250\140\001\172\063\133\232\140\047}{section.6}% 44
\BOOKMARK [2][-]{subsection.6.2}{\376\377\172\201\170\064\000"\141\037\167\345\040\023\121\263\173\126\040\023\122\250\117\134\000"\116\000\117\123\123\026\377\014\122\240\220\037\172\336\142\200\124\021\147\015\122\241\127\072\146\157\217\301\171\373}{section.6}% 45
\BOOKMARK [2][-]{subsection.6.3}{\376\377\136\372\172\313\215\133\127\072\215\104\156\220\214\003\136\246\150\007\121\306\377\014\147\204\136\372\121\167\216\253\146\172\200\375\000"\145\160\133\127\133\152\165\037\000"\217\320\176\364\117\123\174\373}{section.6}% 46
\BOOKMARK [2][-]{subsection.6.4}{\376\377\137\072\123\026\116\247\116\032\165\037\140\001\136\372\213\276\377\014\142\123\220\040\000"\116\247\133\146\170\024\165\050\000"\172\336\142\200\116\016\150\007\121\306\123\314\217\156\232\161\122\250}{section.6}% 47
\BOOKMARK [1][-]{section.7}{\376\377\176\323\213\272}{}% 48
