\BOOKMARK [1][-]{Doc-Start}{\376\377\000A\000b\000s\000t\000r\000a\000c\000t}{}% 1
\BOOKMARK [1][-]{section.1}{\376\377\137\025\212\000}{}% 2
\BOOKMARK [1][-]{section.2}{\376\377\170\024\172\166\145\271\154\325}{}% 3
\BOOKMARK [2][-]{subsection.2.1}{\376\377\170\024\172\166\213\276\213\241}{section.2}% 4
\BOOKMARK [2][-]{subsection.2.2}{\376\377\145\160\143\156\145\066\226\306}{section.2}% 5
\BOOKMARK [2][-]{subsection.2.3}{\376\377\122\006\147\220\145\271\154\325}{section.2}% 6
\BOOKMARK [1][-]{section.3}{\376\377\170\024\172\166\176\323\147\234}{}% 7
\BOOKMARK [2][-]{subsection.3.1}{\376\377\116\272\135\345\146\172\200\375\142\200\147\057\123\321\134\125\163\260\162\266\116\016\215\213\122\277}{section.3}% 8
\BOOKMARK [3][-]{subsubsection.3.1.1}{\376\377\131\047\213\355\212\000\152\041\127\213\166\204\172\201\170\064\116\016\136\224\165\050}{subsection.3.1}% 9
\BOOKMARK [3][-]{subsubsection.3.1.2}{\376\377\213\241\173\227\147\072\211\306\211\311\116\016\131\032\152\041\140\001\142\200\147\057\166\204\217\333\134\125}{subsection.3.1}% 10
\BOOKMARK [2][-]{subsection.3.2}{\376\377\000A\000I\135\345\121\167\127\050\171\321\170\024\124\004\163\257\202\202\166\204\136\224\165\050}{section.3}% 11
\BOOKMARK [3][-]{subsubsection.3.2.1}{\376\377\145\207\163\056\150\300\175\042\116\016\167\345\213\306\173\241\164\006}{subsection.3.2}% 12
\BOOKMARK [3][-]{subsubsection.3.2.2}{\376\377\133\236\232\214\213\276\213\241\116\016\145\160\143\156\122\006\147\220}{subsection.3.2}% 13
\BOOKMARK [3][-]{subsubsection.3.2.3}{\376\377\213\272\145\207\121\231\117\134\116\016\133\146\147\057\210\150\217\276}{subsection.3.2}% 14
\BOOKMARK [3][-]{subsubsection.3.2.4}{\376\377\177\026\172\013\133\146\116\140\116\016\116\343\170\001\137\000\123\321}{subsection.3.2}% 15
\BOOKMARK [2][-]{subsection.3.3}{\376\377\170\024\172\166\165\037\220\002\136\224\000A\000I\145\366\116\343\166\204\145\271\154\325\213\272}{section.3}% 16
\BOOKMARK [3][-]{subsubsection.3.3.1}{\376\377\140\035\176\364\152\041\137\017\166\204\217\154\123\330}{subsection.3.3}% 17
\BOOKMARK [3][-]{subsubsection.3.3.2}{\376\377\167\345\213\306\117\123\174\373\166\204\146\364\145\260\116\016\221\315\147\204}{subsection.3.3}% 18
\BOOKMARK [3][-]{subsubsection.3.3.3}{\376\377\171\321\170\024\142\200\200\375\166\204\121\150\227\142\123\107\176\247}{subsection.3.3}% 19
\BOOKMARK [1][-]{section.4}{\376\377\213\250\213\272}{}% 20
\BOOKMARK [2][-]{subsection.4.1}{\376\377\122\033\145\260\200\375\122\233\377\032\143\320\121\372\225\356\230\230\166\204\200\375\122\233}{section.4}% 21
\BOOKMARK [2][-]{subsection.4.2}{\376\377\142\171\122\044\140\047\140\035\176\364\377\032\133\241\211\306\000A\000I\217\223\121\372\176\323\147\234}{section.4}% 22
\BOOKMARK [2][-]{subsection.4.3}{\376\377\174\373\176\337\140\035\176\364\377\032\145\164\124\010\131\032\133\146\171\321\167\345\213\306\166\204\200\375\122\233}{section.4}% 23
\BOOKMARK [2][-]{subsection.4.4}{\376\377\176\310\216\253\133\146\116\140\200\375\122\233\377\032\143\001\176\355\146\364\145\260\167\345\213\306\120\250\131\007}{section.4}% 24
\BOOKMARK [1][-]{section.5}{\376\377\176\323\213\272}{}% 25
\BOOKMARK [1][-]{section.5}{\376\377\201\364\214\042}{}% 26
