[Tue Jun 16 09:00:02 AM CST 2026] 上午汇报: 服务不可用
[Tue Jun 16 03:00:03 PM CST 2026] 下午汇报: 服务不可用
[Tue Jun 16 08:00:01 PM CST 2026] 晚上汇报: 服务不可用
[Wed Jun 17 12:00:03 AM CST 2026] 上午汇报: 服务不可用
[Wed Jun 17 09:00:03 AM CST 2026] 上午汇报: 服务不可用
[Wed Jun 17 03:00:02 PM CST 2026] 下午汇报: 服务不可用
[Wed Jun 17 08:00:01 PM CST 2026] 晚上汇报: 服务不可用
[Thu Jun 18 12:00:01 AM CST 2026] 上午汇报: 服务不可用
[Thu Jun 18 09:00:03 AM CST 2026] 上午汇报: 服务不可用
[Thu Jun 18 03:00:01 PM CST 2026] 下午汇报: 服务不可用
[Thu Jun 18 08:00:01 PM CST 2026] 晚上汇报: 服务不可用
[Fri Jun 19 12:00:02 AM CST 2026] 上午汇报: 服务不可用
[Fri Jun 19 09:00:03 AM CST 2026] 上午汇报: 服务不可用
[Fri Jun 19 03:00:01 PM CST 2026] 下午汇报: 服务不可用
[Fri Jun 19 08:00:02 PM CST 2026] 晚上汇报: 服务不可用
[Sat Jun 20 12:00:02 AM CST 2026] 上午汇报: 服务不可用
[Sat Jun 20 09:00:01 AM CST 2026] 上午汇报: 服务不可用
[Sat Jun 20 03:00:01 PM CST 2026] 下午汇报: 服务不可用
[Sat Jun 20 08:00:02 PM CST 2026] 晚上汇报: 服务不可用
[Sun Jun 21 12:00:01 AM CST 2026] 上午汇报: 服务不可用
[Sun Jun 21 09:00:02 AM CST 2026] 上午汇报: 服务不可用
[Sun Jun 21 03:00:02 PM CST 2026] 下午汇报: 服务不可用
[Sun Jun 21 08:00:02 PM CST 2026] 晚上汇报: 服务不可用
[Mon Jun 22 12:00:02 AM CST 2026] 上午汇报: 服务不可用
[Mon Jun 22 09:00:01 AM CST 2026] 上午汇报: 服务不可用
[Mon Jun 22 03:00:01 PM CST 2026] 下午汇报: 服务不可用
[Mon Jun 22 08:00:02 PM CST 2026] 晚上汇报: 服务不可用
[Tue Jun 23 12:00:04 AM CST 2026] 上午汇报: 服务不可用
[Tue Jun 23 09:00:02 AM CST 2026] 上午汇报: 服务不可用
[Tue Jun 23 03:00:02 PM CST 2026] 下午汇报: 服务不可用
[Tue Jun 23 08:00:01 PM CST 2026] 晚上汇报: 服务不可用
[Wed Jun 24 12:00:03 AM CST 2026] 上午汇报: 服务不可用
[Wed Jun 24 09:00:01 AM CST 2026] 上午汇报: 服务不可用
[Wed Jun 24 03:00:01 PM CST 2026] 下午汇报: 服务不可用
[Wed Jun 24 08:00:01 PM CST 2026] 晚上汇报: 服务不可用
[Thu Jun 25 12:00:01 AM CST 2026] 上午汇报: 服务不可用
[Thu Jun 25 09:10:01 AM CST 2026] 上午汇报: 服务不可用
[Thu Jun 25 03:05:01 PM CST 2026] 下午汇报: 服务不可用
[Fri Jun 26 08:05:02 PM CST 2026] 晚上汇报: 服务不可用
[Sat Jun 27 12:05:01 AM CST 2026] 上午汇报: 服务不可用
[Sat Jun 27 09:10:02 AM CST 2026] 上午汇报: 服务不可用
[Sat Jun 27 03:05:02 PM CST 2026] 下午汇报: 服务不可用
[Sat Jun 27 08:05:01 PM CST 2026] 晚上汇报: 服务不可用
[Sun Jun 28 12:05:01 AM CST 2026] 上午汇报: 服务不可用
[Sun Jun 28 09:10:01 AM CST 2026] 上午汇报: 服务不可用
[Sun Jun 28 03:05:02 PM CST 2026] 下午汇报: 服务不可用
[Sun Jun 28 08:05:03 PM CST 2026] 晚上汇报: 服务不可用
[Mon Jun 29 12:05:01 AM CST 2026] 上午汇报: 服务不可用
[Mon Jun 29 09:10:01 AM CST 2026] 上午汇报: 服务不可用
[Mon Jun 29 03:05:02 PM CST 2026] 下午汇报: 服务不可用
[Mon Jun 29 08:05:01 PM CST 2026] 晚上汇报: 服务不可用
[Tue Jun 30 12:05:01 AM CST 2026] 上午汇报: 服务不可用
[Tue Jun 30 09:10:02 AM CST 2026] 上午汇报: 服务不可用
[Tue Jun 30 03:05:01 PM CST 2026] 下午汇报: 服务不可用
[Tue Jun 30 08:05:01 PM CST 2026] 晚上汇报: 服务不可用
[Sun Jul  5 08:05:01 PM CST 2026] 晚上汇报: 服务不可用
[Mon Jul  6 12:05:02 AM CST 2026] 上午汇报: 服务不可用
[Tue Jul  7 09:10:01 AM CST 2026] 上午汇报: 服务不可用
